main.c:116:5:main	8	static
main.c:181:6:SystemClock_Config	96	static
main.c:234:6:PeriphCommonClock_Config	168	static
main.c:261:13:MX_ADC1_Init	32	static
main.c:317:13:MX_DAC1_Init	48	static
main.c:359:13:MX_DFSDM1_Init	8	static
main.c:429:13:MX_I2C2_SMBUS_Init	8	static
main.c:473:13:MX_I2C3_Init	8	static
main.c:519:13:MX_I2C4_Init	8	static
main.c:565:13:MX_LTDC_Init	112	static
main.c:655:13:MX_RTC_Init	48	static
main.c:707:13:MX_SAI1_Init	8	static
main.c:789:13:MX_SDMMC1_SD_Init	8	static
main.c:821:13:MX_SPI1_Init	8	static
main.c:861:13:MX_SPI2_Init	8	static
main.c:901:13:MX_SPI3_Init	8	static
main.c:941:13:MX_TIM2_Init	48	static
main.c:990:13:MX_TIM5_Init	48	static
main.c:1043:13:MX_USART2_UART_Init	8	static
main.c:1091:13:MX_USART3_UART_Init	8	static
main.c:1139:13:MX_USB_OTG_FS_PCD_Init	8	static
main.c:1171:13:MX_DMA_Init	16	static
main.c:1190:13:MX_GPIO_Init	64	static
main.c:1368:6:Error_Handler	4	static,ignoring_inline_asm
