stm32l4xx_hal_msp.c:66:6:HAL_MspInit	16	static
stm32l4xx_hal_msp.c:88:6:HAL_ADC_MspInit	48	static
stm32l4xx_hal_msp.c:148:6:HAL_ADC_MspDeInit	16	static
stm32l4xx_hal_msp.c:183:6:HAL_DAC_MspInit	48	static
stm32l4xx_hal_msp.c:216:6:HAL_DAC_MspDeInit	16	static
stm32l4xx_hal_msp.c:247:6:HAL_DFSDM_FilterMspInit	208	static
stm32l4xx_hal_msp.c:309:6:HAL_DFSDM_ChannelMspInit	208	static
stm32l4xx_hal_msp.c:368:6:HAL_DFSDM_FilterMspDeInit	16	static
stm32l4xx_hal_msp.c:403:6:HAL_DFSDM_ChannelMspDeInit	16	static
stm32l4xx_hal_msp.c:436:6:HAL_SMBUS_MspInit	200	static
stm32l4xx_hal_msp.c:487:6:HAL_I2C_MspInit	208	static
stm32l4xx_hal_msp.c:567:6:HAL_SMBUS_MspDeInit	16	static
stm32l4xx_hal_msp.c:604:6:HAL_I2C_MspDeInit	16	static
stm32l4xx_hal_msp.c:655:6:HAL_LTDC_MspInit	176	static
stm32l4xx_hal_msp.c:694:6:HAL_LTDC_MspDeInit	16	static
stm32l4xx_hal_msp.c:716:6:HAL_RTC_MspInit	176	static
stm32l4xx_hal_msp.c:748:6:HAL_RTC_MspDeInit	16	static
stm32l4xx_hal_msp.c:770:6:HAL_SD_MspInit	208	static
stm32l4xx_hal_msp.c:829:6:HAL_SD_MspDeInit	16	static
stm32l4xx_hal_msp.c:865:6:HAL_SPI_MspInit	64	static
stm32l4xx_hal_msp.c:961:6:HAL_SPI_MspDeInit	16	static
stm32l4xx_hal_msp.c:1031:6:HAL_TIM_PWM_MspInit	24	static
stm32l4xx_hal_msp.c:1053:6:HAL_TIM_OC_MspInit	24	static
stm32l4xx_hal_msp.c:1069:6:HAL_TIM_MspPostInit	48	static
stm32l4xx_hal_msp.c:1121:6:HAL_TIM_PWM_MspDeInit	16	static
stm32l4xx_hal_msp.c:1143:6:HAL_TIM_OC_MspDeInit	16	static
stm32l4xx_hal_msp.c:1165:6:HAL_UART_MspInit	216	static
stm32l4xx_hal_msp.c:1256:6:HAL_UART_MspDeInit	16	static
stm32l4xx_hal_msp.c:1308:6:HAL_PCD_MspInit	208	static
stm32l4xx_hal_msp.c:1365:6:HAL_PCD_MspDeInit	24	static
stm32l4xx_hal_msp.c:1401:6:HAL_SAI_MspInit	48	static
stm32l4xx_hal_msp.c:1451:6:HAL_SAI_MspDeInit	16	static
