Archive member included to satisfy reference by file (symbol)

c:/p/stm32cubeide151/stm32cubeide/plugins/com.st.stm32cube.ide.mcu.externaltools.gnu-tools-for-stm32.9-2020-q2-update.win32_2.0.0.202105311346/tools/bin/../lib/gcc/arm-none-eabi/9.3.1/../../../../arm-none-eabi/lib/thumb/v7e-m+fp/hard\libc_nano.a(lib_a-errno.o)
                              ./Core/Src/syscalls.o (__errno)
c:/p/stm32cubeide151/stm32cubeide/plugins/com.st.stm32cube.ide.mcu.externaltools.gnu-tools-for-stm32.9-2020-q2-update.win32_2.0.0.202105311346/tools/bin/../lib/gcc/arm-none-eabi/9.3.1/../../../../arm-none-eabi/lib/thumb/v7e-m+fp/hard\libc_nano.a(lib_a-exit.o)
                              c:/p/stm32cubeide151/stm32cubeide/plugins/com.st.stm32cube.ide.mcu.externaltools.gnu-tools-for-stm32.9-2020-q2-update.win32_2.0.0.202105311346/tools/bin/../lib/gcc/arm-none-eabi/9.3.1/../../../../arm-none-eabi/lib/thumb/v7e-m+fp/hard/crt0.o (exit)
c:/p/stm32cubeide151/stm32cubeide/plugins/com.st.stm32cube.ide.mcu.externaltools.gnu-tools-for-stm32.9-2020-q2-update.win32_2.0.0.202105311346/tools/bin/../lib/gcc/arm-none-eabi/9.3.1/../../../../arm-none-eabi/lib/thumb/v7e-m+fp/hard\libc_nano.a(lib_a-impure.o)
                              c:/p/stm32cubeide151/stm32cubeide/plugins/com.st.stm32cube.ide.mcu.externaltools.gnu-tools-for-stm32.9-2020-q2-update.win32_2.0.0.202105311346/tools/bin/../lib/gcc/arm-none-eabi/9.3.1/../../../../arm-none-eabi/lib/thumb/v7e-m+fp/hard\libc_nano.a(lib_a-exit.o) (_global_impure_ptr)
c:/p/stm32cubeide151/stm32cubeide/plugins/com.st.stm32cube.ide.mcu.externaltools.gnu-tools-for-stm32.9-2020-q2-update.win32_2.0.0.202105311346/tools/bin/../lib/gcc/arm-none-eabi/9.3.1/../../../../arm-none-eabi/lib/thumb/v7e-m+fp/hard\libc_nano.a(lib_a-init.o)
                              c:/p/stm32cubeide151/stm32cubeide/plugins/com.st.stm32cube.ide.mcu.externaltools.gnu-tools-for-stm32.9-2020-q2-update.win32_2.0.0.202105311346/tools/bin/../lib/gcc/arm-none-eabi/9.3.1/../../../../arm-none-eabi/lib/thumb/v7e-m+fp/hard/crt0.o (__libc_init_array)
c:/p/stm32cubeide151/stm32cubeide/plugins/com.st.stm32cube.ide.mcu.externaltools.gnu-tools-for-stm32.9-2020-q2-update.win32_2.0.0.202105311346/tools/bin/../lib/gcc/arm-none-eabi/9.3.1/../../../../arm-none-eabi/lib/thumb/v7e-m+fp/hard\libc_nano.a(lib_a-memset.o)
                              c:/p/stm32cubeide151/stm32cubeide/plugins/com.st.stm32cube.ide.mcu.externaltools.gnu-tools-for-stm32.9-2020-q2-update.win32_2.0.0.202105311346/tools/bin/../lib/gcc/arm-none-eabi/9.3.1/../../../../arm-none-eabi/lib/thumb/v7e-m+fp/hard/crt0.o (memset)
c:/p/stm32cubeide151/stm32cubeide/plugins/com.st.stm32cube.ide.mcu.externaltools.gnu-tools-for-stm32.9-2020-q2-update.win32_2.0.0.202105311346/tools/bin/../lib/gcc/arm-none-eabi/9.3.1/thumb/v7e-m+fp/hard\libgcc.a(_aeabi_uldivmod.o)
                              ./Drivers/STM32L4xx_HAL_Driver/Src/stm32l4xx_hal_uart.o (__aeabi_uldivmod)
c:/p/stm32cubeide151/stm32cubeide/plugins/com.st.stm32cube.ide.mcu.externaltools.gnu-tools-for-stm32.9-2020-q2-update.win32_2.0.0.202105311346/tools/bin/../lib/gcc/arm-none-eabi/9.3.1/thumb/v7e-m+fp/hard\libgcc.a(_udivmoddi4.o)
                              c:/p/stm32cubeide151/stm32cubeide/plugins/com.st.stm32cube.ide.mcu.externaltools.gnu-tools-for-stm32.9-2020-q2-update.win32_2.0.0.202105311346/tools/bin/../lib/gcc/arm-none-eabi/9.3.1/thumb/v7e-m+fp/hard\libgcc.a(_aeabi_uldivmod.o) (__udivmoddi4)
c:/p/stm32cubeide151/stm32cubeide/plugins/com.st.stm32cube.ide.mcu.externaltools.gnu-tools-for-stm32.9-2020-q2-update.win32_2.0.0.202105311346/tools/bin/../lib/gcc/arm-none-eabi/9.3.1/thumb/v7e-m+fp/hard\libgcc.a(_dvmd_tls.o)
                              c:/p/stm32cubeide151/stm32cubeide/plugins/com.st.stm32cube.ide.mcu.externaltools.gnu-tools-for-stm32.9-2020-q2-update.win32_2.0.0.202105311346/tools/bin/../lib/gcc/arm-none-eabi/9.3.1/thumb/v7e-m+fp/hard\libgcc.a(_aeabi_uldivmod.o) (__aeabi_ldiv0)

Allocating common symbols
Common symbol       size              file

hi2c3               0x54              ./Core/Src/main.o
hi2c4               0x54              ./Core/Src/main.o
hspi2               0x64              ./Core/Src/main.o
hdac1               0x14              ./Core/Src/main.o
huart3              0x90              ./Core/Src/main.o
hpcd_USB_OTG_FS     0x50c             ./Core/Src/main.o
hdfsdm1_filter0     0x54              ./Core/Src/main.o
hsd1                0x80              ./Core/Src/main.o
uwTick              0x4               ./Drivers/STM32L4xx_HAL_Driver/Src/stm32l4xx_hal.o
htim5               0x4c              ./Core/Src/main.o
hspi3               0x64              ./Core/Src/main.o
hltdc               0xa8              ./Core/Src/main.o
hsai_BlockB1        0x94              ./Core/Src/main.o
hadc1               0x68              ./Core/Src/main.o
hdfsdm1_channel5    0x38              ./Core/Src/main.o
hdma_adc1           0x60              ./Core/Src/main.o
hrtc                0x24              ./Core/Src/main.o
[...]
Memory Configuration

Name             Origin             Length             Attributes
RAM              0x0000000020000000 0x00000000000a0000 xrw
RAM2             0x0000000010000000 0x0000000000010000 xrw
RAM3             0x0000000020040000 0x0000000000060000 xrw
FLASH            0x0000000008000000 0x0000000000200000 xr
*default*        0x0000000000000000 0xffffffffffffffff

Linker script and memory map

LOAD c:/p/stm32cubeide151/stm32cubeide/plugins/com.st.stm32cube.ide.mcu.externaltools.gnu-tools-for-stm32.9-2020-q2-update.win32_2.0.0.202105311346/tools/bin/../lib/gcc/arm-none-eabi/9.3.1/thumb/v7e-m+fp/hard/crti.o
LOAD c:/p/stm32cubeide151/stm32cubeide/plugins/com.st.stm32cube.ide.mcu.externaltools.gnu-tools-for-stm32.9-2020-q2-update.win32_2.0.0.202105311346/tools/bin/../lib/gcc/arm-none-eabi/9.3.1/thumb/v7e-m+fp/hard/crtbegin.o
LOAD c:/p/stm32cubeide151/stm32cubeide/plugins/com.st.stm32cube.ide.mcu.externaltools.gnu-tools-for-stm32.9-2020-q2-update.win32_2.0.0.202105311346/tools/bin/../lib/gcc/arm-none-eabi/9.3.1/../../../../arm-none-eabi/lib/thumb/v7e-m+fp/hard/crt0.o
LOAD ./Core/Src/main.o
LOAD ./Core/Src/stm32l4xx_hal_msp.o
LOAD ./Core/Src/stm32l4xx_it.o
LOAD ./Core/Src/syscalls.o
LOAD ./Core/Src/sysmem.o
LOAD ./Core/Src/system_stm32l4xx.o
LOAD ./Core/Startup/startup_stm32l4r9zijx.o
LOAD ./Drivers/STM32L4xx_HAL_Driver/Src/stm32l4xx_hal.o
LOAD ./Drivers/STM32L4xx_HAL_Driver/Src/stm32l4xx_hal_adc.o
LOAD ./Drivers/STM32L4xx_HAL_Driver/Src/stm32l4xx_hal_adc_ex.o
LOAD ./Drivers/STM32L4xx_HAL_Driver/Src/stm32l4xx_hal_cortex.o
LOAD ./Drivers/STM32L4xx_HAL_Driver/Src/stm32l4xx_hal_dac.o
LOAD ./Drivers/STM32L4xx_HAL_Driver/Src/stm32l4xx_hal_dac_ex.o
LOAD ./Drivers/STM32L4xx_HAL_Driver/Src/stm32l4xx_hal_dfsdm.o
LOAD ./Drivers/STM32L4xx_HAL_Driver/Src/stm32l4xx_hal_dfsdm_ex.o
LOAD ./Drivers/STM32L4xx_HAL_Driver/Src/stm32l4xx_hal_dma.o
LOAD ./Drivers/STM32L4xx_HAL_Driver/Src/stm32l4xx_hal_dma_ex.o
LOAD ./Drivers/STM32L4xx_HAL_Driver/Src/stm32l4xx_hal_dsi.o
LOAD ./Drivers/STM32L4xx_HAL_Driver/Src/stm32l4xx_hal_exti.o
LOAD ./Drivers/STM32L4xx_HAL_Driver/Src/stm32l4xx_hal_flash.o
LOAD ./Drivers/STM32L4xx_HAL_Driver/Src/stm32l4xx_hal_flash_ex.o
LOAD ./Drivers/STM32L4xx_HAL_Driver/Src/stm32l4xx_hal_flash_ramfunc.o
LOAD ./Drivers/STM32L4xx_HAL_Driver/Src/stm32l4xx_hal_gpio.o
LOAD ./Drivers/STM32L4xx_HAL_Driver/Src/stm32l4xx_hal_i2c.o
LOAD ./Drivers/STM32L4xx_HAL_Driver/Src/stm32l4xx_hal_i2c_ex.o
LOAD ./Drivers/STM32L4xx_HAL_Driver/Src/stm32l4xx_hal_ltdc.o
LOAD ./Drivers/STM32L4xx_HAL_Driver/Src/stm32l4xx_hal_ltdc_ex.o
LOAD ./Drivers/STM32L4xx_HAL_Driver/Src/stm32l4xx_hal_pcd.o
LOAD ./Drivers/STM32L4xx_HAL_Driver/Src/stm32l4xx_hal_pcd_ex.o
LOAD ./Drivers/STM32L4xx_HAL_Driver/Src/stm32l4xx_hal_pwr.o
LOAD ./Drivers/STM32L4xx_HAL_Driver/Src/stm32l4xx_hal_pwr_ex.o
LOAD ./Drivers/STM32L4xx_HAL_Driver/Src/stm32l4xx_hal_rcc.o
LOAD ./Drivers/STM32L4xx_HAL_Driver/Src/stm32l4xx_hal_rcc_ex.o
LOAD ./Drivers/STM32L4xx_HAL_Driver/Src/stm32l4xx_hal_rtc.o
LOAD ./Drivers/STM32L4xx_HAL_Driver/Src/stm32l4xx_hal_rtc_ex.o
LOAD ./Drivers/STM32L4xx_HAL_Driver/Src/stm32l4xx_hal_sai.o
LOAD ./Drivers/STM32L4xx_HAL_Driver/Src/stm32l4xx_hal_sai_ex.o
LOAD ./Drivers/STM32L4xx_HAL_Driver/Src/stm32l4xx_hal_sd.o
LOAD ./Drivers/STM32L4xx_HAL_Driver/Src/stm32l4xx_hal_sd_ex.o
LOAD ./Drivers/STM32L4xx_HAL_Driver/Src/stm32l4xx_hal_smbus.o
LOAD ./Drivers/STM32L4xx_HAL_Driver/Src/stm32l4xx_hal_smbus_ex.o
LOAD ./Drivers/STM32L4xx_HAL_Driver/Src/stm32l4xx_hal_spi.o
LOAD ./Drivers/STM32L4xx_HAL_Driver/Src/stm32l4xx_hal_spi_ex.o
LOAD ./Drivers/STM32L4xx_HAL_Driver/Src/stm32l4xx_hal_tim.o
LOAD ./Drivers/STM32L4xx_HAL_Driver/Src/stm32l4xx_hal_tim_ex.o
LOAD ./Drivers/STM32L4xx_HAL_Driver/Src/stm32l4xx_hal_uart.o
LOAD ./Drivers/STM32L4xx_HAL_Driver/Src/stm32l4xx_hal_uart_ex.o
LOAD ./Drivers/STM32L4xx_HAL_Driver/Src/stm32l4xx_ll_sdmmc.o
LOAD ./Drivers/STM32L4xx_HAL_Driver/Src/stm32l4xx_ll_usb.o
START GROUP
LOAD c:/p/stm32cubeide151/stm32cubeide/plugins/com.st.stm32cube.ide.mcu.externaltools.gnu-tools-for-stm32.9-2020-q2-update.win32_2.0.0.202105311346/tools/bin/../lib/gcc/arm-none-eabi/9.3.1/../../../../arm-none-eabi/lib/thumb/v7e-m+fp/hard\libc_nano.a
LOAD c:/p/stm32cubeide151/stm32cubeide/plugins/com.st.stm32cube.ide.mcu.externaltools.gnu-tools-for-stm32.9-2020-q2-update.win32_2.0.0.202105311346/tools/bin/../lib/gcc/arm-none-eabi/9.3.1/../../../../arm-none-eabi/lib/thumb/v7e-m+fp/hard\libm.a
END GROUP
START GROUP
LOAD c:/p/stm32cubeide151/stm32cubeide/plugins/com.st.stm32cube.ide.mcu.externaltools.gnu-tools-for-stm32.9-2020-q2-update.win32_2.0.0.202105311346/tools/bin/../lib/gcc/arm-none-eabi/9.3.1/thumb/v7e-m+fp/hard\libgcc.a
LOAD c:/p/stm32cubeide151/stm32cubeide/plugins/com.st.stm32cube.ide.mcu.externaltools.gnu-tools-for-stm32.9-2020-q2-update.win32_2.0.0.202105311346/tools/bin/../lib/gcc/arm-none-eabi/9.3.1/../../../../arm-none-eabi/lib/thumb/v7e-m+fp/hard\libc_nano.a
END GROUP
START GROUP
LOAD c:/p/stm32cubeide151/stm32cubeide/plugins/com.st.stm32cube.ide.mcu.externaltools.gnu-tools-for-stm32.9-2020-q2-update.win32_2.0.0.202105311346/tools/bin/../lib/gcc/arm-none-eabi/9.3.1/thumb/v7e-m+fp/hard\libgcc.a
LOAD c:/p/stm32cubeide151/stm32cubeide/plugins/com.st.stm32cube.ide.mcu.externaltools.gnu-tools-for-stm32.9-2020-q2-update.win32_2.0.0.202105311346/tools/bin/../lib/gcc/arm-none-eabi/9.3.1/../../../../arm-none-eabi/lib/thumb/v7e-m+fp/hard\libc_nano.a
LOAD c:/p/stm32cubeide151/stm32cubeide/plugins/com.st.stm32cube.ide.mcu.externaltools.gnu-tools-for-stm32.9-2020-q2-update.win32_2.0.0.202105311346/tools/bin/../lib/gcc/arm-none-eabi/9.3.1/../../../../arm-none-eabi/lib/thumb/v7e-m+fp/hard\libnosys.a
END GROUP
START GROUP
LOAD c:/p/stm32cubeide151/stm32cubeide/plugins/com.st.stm32cube.ide.mcu.externaltools.gnu-tools-for-stm32.9-2020-q2-update.win32_2.0.0.202105311346/tools/bin/../lib/gcc/arm-none-eabi/9.3.1/thumb/v7e-m+fp/hard\libgcc.a
LOAD c:/p/stm32cubeide151/stm32cubeide/plugins/com.st.stm32cube.ide.mcu.externaltools.gnu-tools-for-stm32.9-2020-q2-update.win32_2.0.0.202105311346/tools/bin/../lib/gcc/arm-none-eabi/9.3.1/../../../../arm-none-eabi/lib/thumb/v7e-m+fp/hard\libc_nano.a
LOAD c:/p/stm32cubeide151/stm32cubeide/plugins/com.st.stm32cube.ide.mcu.externaltools.gnu-tools-for-stm32.9-2020-q2-update.win32_2.0.0.202105311346/tools/bin/../lib/gcc/arm-none-eabi/9.3.1/../../../../arm-none-eabi/lib/thumb/v7e-m+fp/hard\libnosys.a
END GROUP
LOAD c:/p/stm32cubeide151/stm32cubeide/plugins/com.st.stm32cube.ide.mcu.externaltools.gnu-tools-for-stm32.9-2020-q2-update.win32_2.0.0.202105311346/tools/bin/../lib/gcc/arm-none-eabi/9.3.1/thumb/v7e-m+fp/hard/crtend.o
LOAD c:/p/stm32cubeide151/stm32cubeide/plugins/com.st.stm32cube.ide.mcu.externaltools.gnu-tools-for-stm32.9-2020-q2-update.win32_2.0.0.202105311346/tools/bin/../lib/gcc/arm-none-eabi/9.3.1/thumb/v7e-m+fp/hard/crtn.o
                0x00000000200a0000                _estack = (ORIGIN (RAM) + LENGTH (RAM))
                0x0000000000000200                _Min_Heap_Size = 0x200
                0x0000000000000400                _Min_Stack_Size = 0x400

.isr_vector     0x0000000008000000      0x1bc
                0x0000000008000000                . = ALIGN (0x4)
 *(.isr_vector)
 .isr_vector    0x0000000008000000      0x1bc ./Core/Startup/startup_stm32l4r9zijx.o
                0x0000000008000000                g_pfnVectors
                0x00000000080001bc                . = ALIGN (0x4)

.text           0x00000000080001bc     0xcf20
                0x00000000080001bc                . = ALIGN (0x4)
 *(.text)
 .text          0x00000000080001bc       0x40 c:/p/stm32cubeide151/stm32cubeide/plugins/com.st.stm32cube.ide.mcu.externaltools.gnu-tools-for-stm32.9-2020-q2-update.win32_2.0.0.202105311346/tools/bin/../lib/gcc/arm-none-eabi/9.3.1/thumb/v7e-m+fp/hard/crtbegin.o
 .text          0x00000000080001fc       0x30 c:/p/stm32cubeide151/stm32cubeide/plugins/com.st.stm32cube.ide.mcu.externaltools.gnu-tools-for-stm32.9-2020-q2-update.win32_2.0.0.202105311346/tools/bin/../lib/gcc/arm-none-eabi/9.3.1/thumb/v7e-m+fp/hard\libgcc.a(_aeabi_uldivmod.o)
                0x00000000080001fc                __aeabi_uldivmod
 .text          0x000000000800022c      0x2c4 c:/p/stm32cubeide151/stm32cubeide/plugins/com.st.stm32cube.ide.mcu.externaltools.gnu-tools-for-stm32.9-2020-q2-update.win32_2.0.0.202105311346/tools/bin/../lib/gcc/arm-none-eabi/9.3.1/thumb/v7e-m+fp/hard\libgcc.a(_udivmoddi4.o)
                0x000000000800022c                __udivmoddi4
 .text          0x00000000080004f0        0x4 c:/p/stm32cubeide151/stm32cubeide/plugins/com.st.stm32cube.ide.mcu.externaltools.gnu-tools-for-stm32.9-2020-q2-update.win32_2.0.0.202105311346/tools/bin/../lib/gcc/arm-none-eabi/9.3.1/thumb/v7e-m+fp/hard\libgcc.a(_dvmd_tls.o)
                0x00000000080004f0                __aeabi_idiv0
                0x00000000080004f0                __aeabi_ldiv0
 *(.text*)
 .text.main     0x00000000080004f4       0x62 ./Core/Src/main.o
                0x00000000080004f4                main
 *fill*         0x0000000008000556        0x2 
 .text.SystemClock_Config
                0x0000000008000558       0xbc ./Core/Src/main.o
                0x0000000008000558                SystemClock_Config
 .text.PeriphCommonClock_Config
                0x0000000008000614       0x60 ./Core/Src/main.o
                0x0000000008000614                PeriphCommonClock_Config
 .text.MX_ADC1_Init
                0x0000000008000674       0xc8 ./Core/Src/main.o
 .text.MX_DAC1_Init
                0x000000000800073c       0x68 ./Core/Src/main.o
 .text.MX_DFSDM1_Init
                0x00000000080007a4      0x130 ./Core/Src/main.o
 .text.MX_I2C2_SMBUS_Init
                0x00000000080008d4       0x84 ./Core/Src/main.o
 .text.MX_I2C3_Init
                0x0000000008000958       0x80 ./Core/Src/main.o
 .text.MX_I2C4_Init
                0x00000000080009d8       0x80 ./Core/Src/main.o
 .text.MX_LTDC_Init
                0x0000000008000a58      0x18c ./Core/Src/main.o
 .text.MX_RTC_Init
                0x0000000008000be4       0x9c ./Core/Src/main.o
 .text.MX_SAI1_Init
                0x0000000008000c80      0x184 ./Core/Src/main.o
 .text.MX_SDMMC1_SD_Init
                0x0000000008000e04       0x4c ./Core/Src/main.o
 .text.MX_SPI1_Init
                0x0000000008000e50       0x7c ./Core/Src/main.o
 .text.MX_SPI2_Init
                0x0000000008000ecc       0x7c ./Core/Src/main.o
 .text.MX_SPI3_Init
                0x0000000008000f48       0x7c ./Core/Src/main.o
 .text.MX_TIM2_Init
                0x0000000008000fc4       0xb4 ./Core/Src/main.o
 .text.MX_TIM5_Init
                0x0000000008001078       0xc8 ./Core/Src/main.o
 .text.MX_USART2_UART_Init
                0x0000000008001140       0x9c ./Core/Src/main.o
 .text.MX_USART3_UART_Init
                0x00000000080011dc       0x9c ./Core/Src/main.o
 .text.MX_USB_OTG_FS_PCD_Init
                0x0000000008001278       0x54 ./Core/Src/main.o
 .text.MX_DMA_Init
                0x00000000080012cc       0x54 ./Core/Src/main.o
 .text.MX_GPIO_Init
                0x0000000008001320      0x390 ./Core/Src/main.o
 .text.Error_Handler
                0x00000000080016b0        0xa ./Core/Src/main.o
                0x00000000080016b0                Error_Handler
 *fill*         0x00000000080016ba        0x2 
 .text.HAL_MspInit
                0x00000000080016bc       0x48 ./Core/Src/stm32l4xx_hal_msp.o
                0x00000000080016bc                HAL_MspInit
 .text.HAL_ADC_MspInit
                0x0000000008001704      0x110 ./Core/Src/stm32l4xx_hal_msp.o
                0x0000000008001704                HAL_ADC_MspInit
 .text.HAL_DAC_MspInit
                0x0000000008001814       0x7c ./Core/Src/stm32l4xx_hal_msp.o
                0x0000000008001814                HAL_DAC_MspInit
 .text.HAL_DFSDM_FilterMspInit
                0x0000000008001890      0x138 ./Core/Src/stm32l4xx_hal_msp.o
                0x0000000008001890                HAL_DFSDM_FilterMspInit
 .text.HAL_DFSDM_ChannelMspInit
                0x00000000080019c8      0x128 ./Core/Src/stm32l4xx_hal_msp.o
                0x00000000080019c8                HAL_DFSDM_ChannelMspInit
 .text.HAL_SMBUS_MspInit
                0x0000000008001af0       0xdc ./Core/Src/stm32l4xx_hal_msp.o
                0x0000000008001af0                HAL_SMBUS_MspInit
 .text.HAL_I2C_MspInit
                0x0000000008001bcc      0x150 ./Core/Src/stm32l4xx_hal_msp.o
                0x0000000008001bcc                HAL_I2C_MspInit
 .text.HAL_LTDC_MspInit
                0x0000000008001d1c       0x88 ./Core/Src/stm32l4xx_hal_msp.o
                0x0000000008001d1c                HAL_LTDC_MspInit
 .text.HAL_RTC_MspInit
                0x0000000008001da4       0x64 ./Core/Src/stm32l4xx_hal_msp.o
                0x0000000008001da4                HAL_RTC_MspInit
 .text.HAL_SD_MspInit
                0x0000000008001e08      0x108 ./Core/Src/stm32l4xx_hal_msp.o
                0x0000000008001e08                HAL_SD_MspInit
 .text.HAL_SPI_MspInit
                0x0000000008001f10      0x190 ./Core/Src/stm32l4xx_hal_msp.o
                0x0000000008001f10                HAL_SPI_MspInit
 .text.HAL_TIM_PWM_MspInit
                0x00000000080020a0       0x3c ./Core/Src/stm32l4xx_hal_msp.o
                0x00000000080020a0                HAL_TIM_PWM_MspInit
 .text.HAL_TIM_OC_MspInit
                0x00000000080020dc       0x40 ./Core/Src/stm32l4xx_hal_msp.o
                0x00000000080020dc                HAL_TIM_OC_MspInit
 .text.HAL_TIM_MspPostInit
                0x000000000800211c       0xb8 ./Core/Src/stm32l4xx_hal_msp.o
                0x000000000800211c                HAL_TIM_MspPostInit
 .text.HAL_UART_MspInit
                0x00000000080021d4      0x18c ./Core/Src/stm32l4xx_hal_msp.o
                0x00000000080021d4                HAL_UART_MspInit
 .text.HAL_PCD_MspInit
                0x0000000008002360       0xf4 ./Core/Src/stm32l4xx_hal_msp.o
                0x0000000008002360                HAL_PCD_MspInit
 .text.HAL_SAI_MspInit
                0x0000000008002454       0xcc ./Core/Src/stm32l4xx_hal_msp.o
                0x0000000008002454                HAL_SAI_MspInit
 .text.NMI_Handler
                0x0000000008002520        0x6 ./Core/Src/stm32l4xx_it.o
                0x0000000008002520                NMI_Handler
 .text.HardFault_Handler
                0x0000000008002526        0x6 ./Core/Src/stm32l4xx_it.o
                0x0000000008002526                HardFault_Handler
 .text.MemManage_Handler
                0x000000000800252c        0x6 ./Core/Src/stm32l4xx_it.o
                0x000000000800252c                MemManage_Handler
 .text.BusFault_Handler
                0x0000000008002532        0x6 ./Core/Src/stm32l4xx_it.o
                0x0000000008002532                BusFault_Handler
 .text.UsageFault_Handler
                0x0000000008002538        0x6 ./Core/Src/stm32l4xx_it.o
                0x0000000008002538                UsageFault_Handler
 .text.SVC_Handler
                0x000000000800253e        0xe ./Core/Src/stm32l4xx_it.o
                0x000000000800253e                SVC_Handler
 .text.DebugMon_Handler
                0x000000000800254c        0xe ./Core/Src/stm32l4xx_it.o
                0x000000000800254c                DebugMon_Handler
 .text.PendSV_Handler
                0x000000000800255a        0xe ./Core/Src/stm32l4xx_it.o
                0x000000000800255a                PendSV_Handler
 .text.SysTick_Handler
                0x0000000008002568        0xc ./Core/Src/stm32l4xx_it.o
                0x0000000008002568                SysTick_Handler
 .text.DMA1_Channel1_IRQHandler
                0x0000000008002574       0x14 ./Core/Src/stm32l4xx_it.o
                0x0000000008002574                DMA1_Channel1_IRQHandler
 .text.I2C2_EV_IRQHandler
                0x0000000008002588       0x14 ./Core/Src/stm32l4xx_it.o
                0x0000000008002588                I2C2_EV_IRQHandler
 .text.I2C2_ER_IRQHandler
                0x000000000800259c       0x14 ./Core/Src/stm32l4xx_it.o
                0x000000000800259c                I2C2_ER_IRQHandler
 .text.DFSDM1_FLT0_IRQHandler
                0x00000000080025b0       0x14 ./Core/Src/stm32l4xx_it.o
                0x00000000080025b0                DFSDM1_FLT0_IRQHandler
 .text.SystemInit
                0x00000000080025c4       0x24 ./Core/Src/system_stm32l4xx.o
                0x00000000080025c4                SystemInit
 .text.Reset_Handler
                0x00000000080025e8       0x50 ./Core/Startup/startup_stm32l4r9zijx.o
                0x00000000080025e8                Reset_Handler
 .text.Default_Handler
                0x0000000008002638        0x2 ./Core/Startup/startup_stm32l4r9zijx.o
                0x0000000008002638                RTC_Alarm_IRQHandler
                0x0000000008002638                EXTI2_IRQHandler
                0x0000000008002638                TIM8_TRG_COM_IRQHandler
                0x0000000008002638                TIM8_CC_IRQHandler
                0x0000000008002638                TIM1_CC_IRQHandler
                0x0000000008002638                TSC_IRQHandler
                0x0000000008002638                TAMP_STAMP_IRQHandler
                0x0000000008002638                EXTI3_IRQHandler
                0x0000000008002638                LPTIM2_IRQHandler
                0x0000000008002638                DFSDM1_FLT1_IRQHandler
                0x0000000008002638                GFXMMU_IRQHandler
                0x0000000008002638                I2C3_ER_IRQHandler
                0x0000000008002638                DFSDM1_FLT2_IRQHandler
                0x0000000008002638                EXTI0_IRQHandler
                0x0000000008002638                CAN1_RX0_IRQHandler
                0x0000000008002638                FPU_IRQHandler
                0x0000000008002638                TIM1_UP_TIM16_IRQHandler
                0x0000000008002638                LTDC_ER_IRQHandler
                0x0000000008002638                SPI1_IRQHandler
                0x0000000008002638                OCTOSPI1_IRQHandler
                0x0000000008002638                TIM6_DAC_IRQHandler
                0x0000000008002638                DCMI_IRQHandler
                0x0000000008002638                TIM8_UP_IRQHandler
                0x0000000008002638                OCTOSPI2_IRQHandler
                0x0000000008002638                DMA2_Channel2_IRQHandler
                0x0000000008002638                DMA1_Channel4_IRQHandler
                0x0000000008002638                SAI2_IRQHandler
                0x0000000008002638                ADC1_IRQHandler
                0x0000000008002638                DFSDM1_FLT3_IRQHandler
                0x0000000008002638                USART3_IRQHandler
                0x0000000008002638                DMA1_Channel7_IRQHandler
                0x0000000008002638                CAN1_RX1_IRQHandler
                0x0000000008002638                UART5_IRQHandler
                0x0000000008002638                TIM4_IRQHandler
                0x0000000008002638                DMA2_Channel1_IRQHandler
                0x0000000008002638                I2C1_EV_IRQHandler
                0x0000000008002638                DMAMUX1_OVR_IRQHandler
                0x0000000008002638                DMA1_Channel6_IRQHandler
                0x0000000008002638                UART4_IRQHandler
                0x0000000008002638                DMA2_Channel4_IRQHandler
                0x0000000008002638                TIM3_IRQHandler
                0x0000000008002638                RCC_IRQHandler
                0x0000000008002638                Default_Handler
                0x0000000008002638                DMA2_Channel7_IRQHandler
                0x0000000008002638                EXTI15_10_IRQHandler
                0x0000000008002638                TIM7_IRQHandler
                0x0000000008002638                SDMMC1_IRQHandler
                0x0000000008002638                TIM5_IRQHandler
                0x0000000008002638                I2C3_EV_IRQHandler
                0x0000000008002638                EXTI9_5_IRQHandler
                0x0000000008002638                RTC_WKUP_IRQHandler
                0x0000000008002638                LTDC_IRQHandler
                0x0000000008002638                PVD_PVM_IRQHandler
                0x0000000008002638                SPI2_IRQHandler
                0x0000000008002638                CAN1_TX_IRQHandler
                0x0000000008002638                DMA2_Channel5_IRQHandler
                0x0000000008002638                CRS_IRQHandler
                0x0000000008002638                DMA1_Channel5_IRQHandler
                0x0000000008002638                EXTI4_IRQHandler
                0x0000000008002638                RNG_IRQHandler
                0x0000000008002638                TIM1_TRG_COM_TIM17_IRQHandler
                0x0000000008002638                DMA1_Channel3_IRQHandler
                0x0000000008002638                COMP_IRQHandler
                0x0000000008002638                DSI_IRQHandler
                0x0000000008002638                WWDG_IRQHandler
                0x0000000008002638                I2C4_EV_IRQHandler
                0x0000000008002638                LPUART1_IRQHandler
                0x0000000008002638                DMA2_Channel6_IRQHandler
                0x0000000008002638                TIM2_IRQHandler
                0x0000000008002638                DMA2D_IRQHandler
                0x0000000008002638                EXTI1_IRQHandler
                0x0000000008002638                USART2_IRQHandler
                0x0000000008002638                DMA1_Channel2_IRQHandler
                0x0000000008002638                TIM8_BRK_IRQHandler
                0x0000000008002638                CAN1_SCE_IRQHandler
                0x0000000008002638                FLASH_IRQHandler
                0x0000000008002638                USART1_IRQHandler
                0x0000000008002638                OTG_FS_IRQHandler
                0x0000000008002638                SPI3_IRQHandler
                0x0000000008002638                I2C1_ER_IRQHandler
                0x0000000008002638                FMC_IRQHandler
                0x0000000008002638                LPTIM1_IRQHandler
                0x0000000008002638                I2C4_ER_IRQHandler
                0x0000000008002638                SAI1_IRQHandler
                0x0000000008002638                DMA2_Channel3_IRQHandler
                0x0000000008002638                TIM1_BRK_TIM15_IRQHandler
 .text.HAL_Init
                0x000000000800263a       0x30 ./Drivers/STM32L4xx_HAL_Driver/Src/stm32l4xx_hal.o
                0x000000000800263a                HAL_Init
 *fill*         0x000000000800266a        0x2 
 .text.HAL_InitTick
                0x000000000800266c       0x78 ./Drivers/STM32L4xx_HAL_Driver/Src/stm32l4xx_hal.o
                0x000000000800266c                HAL_InitTick
 .text.HAL_IncTick
                0x00000000080026e4       0x28 ./Drivers/STM32L4xx_HAL_Driver/Src/stm32l4xx_hal.o
                0x00000000080026e4                HAL_IncTick
 .text.HAL_GetTick
                0x000000000800270c       0x18 ./Drivers/STM32L4xx_HAL_Driver/Src/stm32l4xx_hal.o
                0x000000000800270c                HAL_GetTick
 .text.HAL_Delay
                0x0000000008002724       0x48 ./Drivers/STM32L4xx_HAL_Driver/Src/stm32l4xx_hal.o
                0x0000000008002724                HAL_Delay
 .text.LL_ADC_SetCommonClock
                0x000000000800276c       0x26 ./Drivers/STM32L4xx_HAL_Driver/Src/stm32l4xx_hal_adc.o
 .text.LL_ADC_SetCommonPathInternalCh
                0x0000000008002792       0x26 ./Drivers/STM32L4xx_HAL_Driver/Src/stm32l4xx_hal_adc.o
 .text.LL_ADC_GetCommonPathInternalCh
                0x00000000080027b8       0x1c ./Drivers/STM32L4xx_HAL_Driver/Src/stm32l4xx_hal_adc.o
 .text.LL_ADC_SetOffset
                0x00000000080027d4       0x48 ./Drivers/STM32L4xx_HAL_Driver/Src/stm32l4xx_hal_adc.o
 .text.LL_ADC_GetOffsetChannel
                0x000000000800281c       0x2c ./Drivers/STM32L4xx_HAL_Driver/Src/stm32l4xx_hal_adc.o
 .text.LL_ADC_SetOffsetState
                0x0000000008002848       0x36 ./Drivers/STM32L4xx_HAL_Driver/Src/stm32l4xx_hal_adc.o
 .text.LL_ADC_SetSamplingTimeCommonConfig
                0x000000000800287e       0x26 ./Drivers/STM32L4xx_HAL_Driver/Src/stm32l4xx_hal_adc.o
 .text.LL_ADC_REG_SetSequencerRanks
                0x00000000080028a4       0x58 ./Drivers/STM32L4xx_HAL_Driver/Src/stm32l4xx_hal_adc.o
 .text.LL_ADC_SetChannelSamplingTime
                0x00000000080028fc       0x56 ./Drivers/STM32L4xx_HAL_Driver/Src/stm32l4xx_hal_adc.o
 *fill*         0x0000000008002952        0x2 
 .text.LL_ADC_SetChannelSingleDiff
                0x0000000008002954       0x48 ./Drivers/STM32L4xx_HAL_Driver/Src/stm32l4xx_hal_adc.o
 .text.LL_ADC_DisableDeepPowerDown
                0x000000000800299c       0x24 ./Drivers/STM32L4xx_HAL_Driver/Src/stm32l4xx_hal_adc.o
 .text.LL_ADC_IsDeepPowerDownEnabled
                0x00000000080029c0       0x28 ./Drivers/STM32L4xx_HAL_Driver/Src/stm32l4xx_hal_adc.o
 .text.LL_ADC_EnableInternalRegulator
                0x00000000080029e8       0x28 ./Drivers/STM32L4xx_HAL_Driver/Src/stm32l4xx_hal_adc.o
 .text.LL_ADC_IsInternalRegulatorEnabled
                0x0000000008002a10       0x28 ./Drivers/STM32L4xx_HAL_Driver/Src/stm32l4xx_hal_adc.o
 .text.LL_ADC_IsEnabled
                0x0000000008002a38       0x26 ./Drivers/STM32L4xx_HAL_Driver/Src/stm32l4xx_hal_adc.o
 .text.LL_ADC_REG_IsConversionOngoing
                0x0000000008002a5e       0x26 ./Drivers/STM32L4xx_HAL_Driver/Src/stm32l4xx_hal_adc.o
 .text.LL_ADC_INJ_IsConversionOngoing
                0x0000000008002a84       0x26 ./Drivers/STM32L4xx_HAL_Driver/Src/stm32l4xx_hal_adc.o
 *fill*         0x0000000008002aaa        0x2 
 .text.HAL_ADC_Init
                0x0000000008002aac      0x298 ./Drivers/STM32L4xx_HAL_Driver/Src/stm32l4xx_hal_adc.o
                0x0000000008002aac                HAL_ADC_Init
 .text.HAL_ADC_ConfigChannel
                0x0000000008002d44      0x7f8 ./Drivers/STM32L4xx_HAL_Driver/Src/stm32l4xx_hal_adc.o
                0x0000000008002d44                HAL_ADC_ConfigChannel
 .text.__NVIC_SetPriorityGrouping
                0x000000000800353c       0x48 ./Drivers/STM32L4xx_HAL_Driver/Src/stm32l4xx_hal_cortex.o
 .text.__NVIC_GetPriorityGrouping
                0x0000000008003584       0x1c ./Drivers/STM32L4xx_HAL_Driver/Src/stm32l4xx_hal_cortex.o
 .text.__NVIC_EnableIRQ
                0x00000000080035a0       0x3c ./Drivers/STM32L4xx_HAL_Driver/Src/stm32l4xx_hal_cortex.o
 .text.__NVIC_SetPriority
                0x00000000080035dc       0x54 ./Drivers/STM32L4xx_HAL_Driver/Src/stm32l4xx_hal_cortex.o
 .text.NVIC_EncodePriority
                0x0000000008003630       0x66 ./Drivers/STM32L4xx_HAL_Driver/Src/stm32l4xx_hal_cortex.o
 *fill*         0x0000000008003696        0x2 
 .text.SysTick_Config
                0x0000000008003698       0x44 ./Drivers/STM32L4xx_HAL_Driver/Src/stm32l4xx_hal_cortex.o
 .text.HAL_NVIC_SetPriorityGrouping
                0x00000000080036dc       0x16 ./Drivers/STM32L4xx_HAL_Driver/Src/stm32l4xx_hal_cortex.o
                0x00000000080036dc                HAL_NVIC_SetPriorityGrouping
 .text.HAL_NVIC_SetPriority
                0x00000000080036f2       0x38 ./Drivers/STM32L4xx_HAL_Driver/Src/stm32l4xx_hal_cortex.o
                0x00000000080036f2                HAL_NVIC_SetPriority
 .text.HAL_NVIC_EnableIRQ
                0x000000000800372a       0x1c ./Drivers/STM32L4xx_HAL_Driver/Src/stm32l4xx_hal_cortex.o
                0x000000000800372a                HAL_NVIC_EnableIRQ
 .text.HAL_SYSTICK_Config
                0x0000000008003746       0x18 ./Drivers/STM32L4xx_HAL_Driver/Src/stm32l4xx_hal_cortex.o
                0x0000000008003746                HAL_SYSTICK_Config
 .text.HAL_DAC_Init
                0x000000000800375e       0x44 ./Drivers/STM32L4xx_HAL_Driver/Src/stm32l4xx_hal_dac.o
                0x000000000800375e                HAL_DAC_Init
 *fill*         0x00000000080037a2        0x2 
 .text.HAL_DAC_ConfigChannel
                0x00000000080037a4      0x280 ./Drivers/STM32L4xx_HAL_Driver/Src/stm32l4xx_hal_dac.o
                0x00000000080037a4                HAL_DAC_ConfigChannel
 .text.HAL_DFSDM_ChannelInit
                0x0000000008003a24      0x180 ./Drivers/STM32L4xx_HAL_Driver/Src/stm32l4xx_hal_dfsdm.o
                0x0000000008003a24                HAL_DFSDM_ChannelInit
 .text.HAL_DFSDM_ChannelCkabCallback
                0x0000000008003ba4       0x14 ./Drivers/STM32L4xx_HAL_Driver/Src/stm32l4xx_hal_dfsdm.o
                0x0000000008003ba4                HAL_DFSDM_ChannelCkabCallback
 .text.HAL_DFSDM_ChannelScdCallback
                0x0000000008003bb8       0x14 ./Drivers/STM32L4xx_HAL_Driver/Src/stm32l4xx_hal_dfsdm.o
                0x0000000008003bb8                HAL_DFSDM_ChannelScdCallback
 .text.HAL_DFSDM_FilterInit
                0x0000000008003bcc      0x1b4 ./Drivers/STM32L4xx_HAL_Driver/Src/stm32l4xx_hal_dfsdm.o
                0x0000000008003bcc                HAL_DFSDM_FilterInit
 .text.HAL_DFSDM_FilterConfigRegChannel
                0x0000000008003d80       0x8a ./Drivers/STM32L4xx_HAL_Driver/Src/stm32l4xx_hal_dfsdm.o
                0x0000000008003d80                HAL_DFSDM_FilterConfigRegChannel
 *fill*         0x0000000008003e0a        0x2 
 .text.HAL_DFSDM_IRQHandler
                0x0000000008003e0c      0x2cc ./Drivers/STM32L4xx_HAL_Driver/Src/stm32l4xx_hal_dfsdm.o
                0x0000000008003e0c                HAL_DFSDM_IRQHandler
 .text.HAL_DFSDM_FilterRegConvCpltCallback
                0x00000000080040d8       0x14 ./Drivers/STM32L4xx_HAL_Driver/Src/stm32l4xx_hal_dfsdm.o
                0x00000000080040d8                HAL_DFSDM_FilterRegConvCpltCallback
 .text.HAL_DFSDM_FilterInjConvCpltCallback
                0x00000000080040ec       0x14 ./Drivers/STM32L4xx_HAL_Driver/Src/stm32l4xx_hal_dfsdm.o
                0x00000000080040ec                HAL_DFSDM_FilterInjConvCpltCallback
 .text.HAL_DFSDM_FilterAwdCallback
                0x0000000008004100       0x18 ./Drivers/STM32L4xx_HAL_Driver/Src/stm32l4xx_hal_dfsdm.o
                0x0000000008004100                HAL_DFSDM_FilterAwdCallback
 .text.HAL_DFSDM_FilterErrorCallback
                0x0000000008004118       0x14 ./Drivers/STM32L4xx_HAL_Driver/Src/stm32l4xx_hal_dfsdm.o
                0x0000000008004118                HAL_DFSDM_FilterErrorCallback
 .text.DFSDM_GetChannelFromInstance
                0x000000000800412c       0x98 ./Drivers/STM32L4xx_HAL_Driver/Src/stm32l4xx_hal_dfsdm.o
 .text.HAL_DMA_Init
                0x00000000080041c4      0x150 ./Drivers/STM32L4xx_HAL_Driver/Src/stm32l4xx_hal_dma.o
                0x00000000080041c4                HAL_DMA_Init
 .text.HAL_DMA_IRQHandler
                0x0000000008004314      0x15e ./Drivers/STM32L4xx_HAL_Driver/Src/stm32l4xx_hal_dma.o
                0x0000000008004314                HAL_DMA_IRQHandler
 *fill*         0x0000000008004472        0x2 
 .text.DMA_CalcDMAMUXChannelBaseAndMask
                0x0000000008004474       0x7c ./Drivers/STM32L4xx_HAL_Driver/Src/stm32l4xx_hal_dma.o
 .text.DMA_CalcDMAMUXRequestGenBaseAndMask
                0x00000000080044f0       0x48 ./Drivers/STM32L4xx_HAL_Driver/Src/stm32l4xx_hal_dma.o
 .text.HAL_GPIO_Init
                0x0000000008004538      0x324 ./Drivers/STM32L4xx_HAL_Driver/Src/stm32l4xx_hal_gpio.o
                0x0000000008004538                HAL_GPIO_Init
 .text.HAL_GPIO_WritePin
                0x000000000800485c       0x30 ./Drivers/STM32L4xx_HAL_Driver/Src/stm32l4xx_hal_gpio.o
                0x000000000800485c                HAL_GPIO_WritePin
 .text.HAL_I2C_Init
                0x000000000800488c      0x11e ./Drivers/STM32L4xx_HAL_Driver/Src/stm32l4xx_hal_i2c.o
                0x000000000800488c                HAL_I2C_Init
 .text.HAL_I2CEx_ConfigAnalogFilter
                0x00000000080049aa       0x96 ./Drivers/STM32L4xx_HAL_Driver/Src/stm32l4xx_hal_i2c_ex.o
                0x00000000080049aa                HAL_I2CEx_ConfigAnalogFilter
 .text.HAL_I2CEx_ConfigDigitalFilter
                0x0000000008004a40       0x98 ./Drivers/STM32L4xx_HAL_Driver/Src/stm32l4xx_hal_i2c_ex.o
                0x0000000008004a40                HAL_I2CEx_ConfigDigitalFilter
 .text.HAL_LTDC_Init
                0x0000000008004ad8      0x1a0 ./Drivers/STM32L4xx_HAL_Driver/Src/stm32l4xx_hal_ltdc.o
                0x0000000008004ad8                HAL_LTDC_Init
 .text.HAL_LTDC_ConfigLayer
                0x0000000008004c78       0x7c ./Drivers/STM32L4xx_HAL_Driver/Src/stm32l4xx_hal_ltdc.o
                0x0000000008004c78                HAL_LTDC_ConfigLayer
 .text.HAL_LTDC_SetPitch
                0x0000000008004cf4      0x10c ./Drivers/STM32L4xx_HAL_Driver/Src/stm32l4xx_hal_ltdc.o
                0x0000000008004cf4                HAL_LTDC_SetPitch
 .text.LTDC_SetConfig
                0x0000000008004e00      0x32e ./Drivers/STM32L4xx_HAL_Driver/Src/stm32l4xx_hal_ltdc.o
 .text.HAL_PCD_Init
                0x000000000800512e      0x248 ./Drivers/STM32L4xx_HAL_Driver/Src/stm32l4xx_hal_pcd.o
                0x000000000800512e                HAL_PCD_Init
 .text.HAL_PCDEx_ActivateLPM
                0x0000000008005376       0x48 ./Drivers/STM32L4xx_HAL_Driver/Src/stm32l4xx_hal_pcd_ex.o
                0x0000000008005376                HAL_PCDEx_ActivateLPM
 *fill*         0x00000000080053be        0x2 
 .text.HAL_PWR_EnableBkUpAccess
                0x00000000080053c0       0x20 ./Drivers/STM32L4xx_HAL_Driver/Src/stm32l4xx_hal_pwr.o
                0x00000000080053c0                HAL_PWR_EnableBkUpAccess
 .text.HAL_PWREx_GetVoltageRange
                0x00000000080053e0       0x40 ./Drivers/STM32L4xx_HAL_Driver/Src/stm32l4xx_hal_pwr_ex.o
                0x00000000080053e0                HAL_PWREx_GetVoltageRange
 .text.HAL_PWREx_ControlVoltageScaling
                0x0000000008005420      0x148 ./Drivers/STM32L4xx_HAL_Driver/Src/stm32l4xx_hal_pwr_ex.o
                0x0000000008005420                HAL_PWREx_ControlVoltageScaling
 .text.HAL_PWREx_EnableVddUSB
                0x0000000008005568       0x20 ./Drivers/STM32L4xx_HAL_Driver/Src/stm32l4xx_hal_pwr_ex.o
                0x0000000008005568                HAL_PWREx_EnableVddUSB
 .text.HAL_PWREx_EnableVddIO2
                0x0000000008005588       0x20 ./Drivers/STM32L4xx_HAL_Driver/Src/stm32l4xx_hal_pwr_ex.o
                0x0000000008005588                HAL_PWREx_EnableVddIO2
 .text.HAL_RCC_OscConfig
                0x00000000080055a8      0x830 ./Drivers/STM32L4xx_HAL_Driver/Src/stm32l4xx_hal_rcc.o
                0x00000000080055a8                HAL_RCC_OscConfig
 .text.HAL_RCC_ClockConfig
                0x0000000008005dd8      0x274 ./Drivers/STM32L4xx_HAL_Driver/Src/stm32l4xx_hal_rcc.o
                0x0000000008005dd8                HAL_RCC_ClockConfig
 .text.HAL_RCC_GetSysClockFreq
                0x000000000800604c      0x114 ./Drivers/STM32L4xx_HAL_Driver/Src/stm32l4xx_hal_rcc.o
                0x000000000800604c                HAL_RCC_GetSysClockFreq
 .text.HAL_RCC_GetHCLKFreq
                0x0000000008006160       0x18 ./Drivers/STM32L4xx_HAL_Driver/Src/stm32l4xx_hal_rcc.o
                0x0000000008006160                HAL_RCC_GetHCLKFreq
 .text.HAL_RCC_GetPCLK1Freq
                0x0000000008006178       0x2c ./Drivers/STM32L4xx_HAL_Driver/Src/stm32l4xx_hal_rcc.o
                0x0000000008006178                HAL_RCC_GetPCLK1Freq
 .text.HAL_RCC_GetPCLK2Freq
                0x00000000080061a4       0x2c ./Drivers/STM32L4xx_HAL_Driver/Src/stm32l4xx_hal_rcc.o
                0x00000000080061a4                HAL_RCC_GetPCLK2Freq
 .text.RCC_SetFlashLatencyFromMSIRange
                0x00000000080061d0       0xb4 ./Drivers/STM32L4xx_HAL_Driver/Src/stm32l4xx_hal_rcc.o
 .text.RCC_GetSysClockFreqFromPLLSource
                0x0000000008006284       0xc8 ./Drivers/STM32L4xx_HAL_Driver/Src/stm32l4xx_hal_rcc.o
 .text.HAL_RCCEx_PeriphCLKConfig
                0x000000000800634c      0x720 ./Drivers/STM32L4xx_HAL_Driver/Src/stm32l4xx_hal_rcc_ex.o
                0x000000000800634c                HAL_RCCEx_PeriphCLKConfig
 .text.HAL_RCCEx_GetPeriphCLKFreq
                0x0000000008006a6c      0xe38 ./Drivers/STM32L4xx_HAL_Driver/Src/stm32l4xx_hal_rcc_ex.o
                0x0000000008006a6c                HAL_RCCEx_GetPeriphCLKFreq
 .text.RCCEx_PLLSAI1_Config
                0x00000000080078a4      0x1e8 ./Drivers/STM32L4xx_HAL_Driver/Src/stm32l4xx_hal_rcc_ex.o
 .text.RCCEx_PLLSAI2_Config
                0x0000000008007a8c      0x1e8 ./Drivers/STM32L4xx_HAL_Driver/Src/stm32l4xx_hal_rcc_ex.o
 .text.RCCEx_GetSAIxPeriphCLKFreq
                0x0000000008007c74      0x224 ./Drivers/STM32L4xx_HAL_Driver/Src/stm32l4xx_hal_rcc_ex.o
 .text.HAL_RTC_Init
                0x0000000008007e98       0xf6 ./Drivers/STM32L4xx_HAL_Driver/Src/stm32l4xx_hal_rtc.o
                0x0000000008007e98                HAL_RTC_Init
 .text.HAL_RTC_WaitForSynchro
                0x0000000008007f8e       0x4c ./Drivers/STM32L4xx_HAL_Driver/Src/stm32l4xx_hal_rtc.o
                0x0000000008007f8e                HAL_RTC_WaitForSynchro
 .text.RTC_EnterInitMode
                0x0000000008007fda       0x66 ./Drivers/STM32L4xx_HAL_Driver/Src/stm32l4xx_hal_rtc.o
                0x0000000008007fda                RTC_EnterInitMode
 .text.RTC_ExitInitMode
                0x0000000008008040       0x7c ./Drivers/STM32L4xx_HAL_Driver/Src/stm32l4xx_hal_rtc.o
                0x0000000008008040                RTC_ExitInitMode
 .text.HAL_RTCEx_SetTamper
                0x00000000080080bc      0x178 ./Drivers/STM32L4xx_HAL_Driver/Src/stm32l4xx_hal_rtc_ex.o
                0x00000000080080bc                HAL_RTCEx_SetTamper
 .text.HAL_SAI_Init
                0x0000000008008234      0x3bc ./Drivers/STM32L4xx_HAL_Driver/Src/stm32l4xx_hal_sai.o
                0x0000000008008234                HAL_SAI_Init
 .text.SAI_Disable
                0x00000000080085f0       0x74 ./Drivers/STM32L4xx_HAL_Driver/Src/stm32l4xx_hal_sai.o
 .text.HAL_SD_Init
                0x0000000008008664      0x10c ./Drivers/STM32L4xx_HAL_Driver/Src/stm32l4xx_hal_sd.o
                0x0000000008008664                HAL_SD_Init
 .text.HAL_SD_InitCard
                0x0000000008008770      0x144 ./Drivers/STM32L4xx_HAL_Driver/Src/stm32l4xx_hal_sd.o
                0x0000000008008770                HAL_SD_InitCard
 .text.HAL_SD_GetCardCSD
                0x00000000080088b4      0x348 ./Drivers/STM32L4xx_HAL_Driver/Src/stm32l4xx_hal_sd.o
                0x00000000080088b4                HAL_SD_GetCardCSD
 .text.HAL_SD_GetCardStatus
                0x0000000008008bfc      0x16c ./Drivers/STM32L4xx_HAL_Driver/Src/stm32l4xx_hal_sd.o
                0x0000000008008bfc                HAL_SD_GetCardStatus
 .text.HAL_SD_ConfigWideBusOperation
                0x0000000008008d68      0x228 ./Drivers/STM32L4xx_HAL_Driver/Src/stm32l4xx_hal_sd.o
                0x0000000008008d68                HAL_SD_ConfigWideBusOperation
 .text.HAL_SD_GetCardState
                0x0000000008008f90       0x40 ./Drivers/STM32L4xx_HAL_Driver/Src/stm32l4xx_hal_sd.o
                0x0000000008008f90                HAL_SD_GetCardState
 .text.SD_InitCard
                0x0000000008008fd0      0x17a ./Drivers/STM32L4xx_HAL_Driver/Src/stm32l4xx_hal_sd.o
 *fill*         0x000000000800914a        0x2 
 .text.SD_PowerON
                0x000000000800914c      0x218 ./Drivers/STM32L4xx_HAL_Driver/Src/stm32l4xx_hal_sd.o
 .text.SD_SendSDStatus
                0x0000000008009364      0x1a0 ./Drivers/STM32L4xx_HAL_Driver/Src/stm32l4xx_hal_sd.o
 .text.SD_SendStatus
                0x0000000008009504       0x50 ./Drivers/STM32L4xx_HAL_Driver/Src/stm32l4xx_hal_sd.o
 .text.SD_WideBus_Enable
                0x0000000008009554       0x96 ./Drivers/STM32L4xx_HAL_Driver/Src/stm32l4xx_hal_sd.o
 .text.SD_WideBus_Disable
                0x00000000080095ea       0x96 ./Drivers/STM32L4xx_HAL_Driver/Src/stm32l4xx_hal_sd.o
 .text.SD_FindSCR
                0x0000000008009680      0x1a0 ./Drivers/STM32L4xx_HAL_Driver/Src/stm32l4xx_hal_sd.o
 .text.HAL_SDEx_DriveTransceiver_1_8V_Callback
                0x0000000008009820       0x16 ./Drivers/STM32L4xx_HAL_Driver/Src/stm32l4xx_hal_sd_ex.o
                0x0000000008009820                HAL_SDEx_DriveTransceiver_1_8V_Callback
 .text.HAL_SMBUS_Init
                0x0000000008009836      0x170 ./Drivers/STM32L4xx_HAL_Driver/Src/stm32l4xx_hal_smbus.o
                0x0000000008009836                HAL_SMBUS_Init
 .text.HAL_SMBUS_EnableAlert_IT
                0x00000000080099a6       0x34 ./Drivers/STM32L4xx_HAL_Driver/Src/stm32l4xx_hal_smbus.o
                0x00000000080099a6                HAL_SMBUS_EnableAlert_IT
 .text.HAL_SMBUS_EV_IRQHandler
                0x00000000080099da      0x15c ./Drivers/STM32L4xx_HAL_Driver/Src/stm32l4xx_hal_smbus.o
                0x00000000080099da                HAL_SMBUS_EV_IRQHandler
 .text.HAL_SMBUS_ER_IRQHandler
                0x0000000008009b36       0x16 ./Drivers/STM32L4xx_HAL_Driver/Src/stm32l4xx_hal_smbus.o
                0x0000000008009b36                HAL_SMBUS_ER_IRQHandler
 .text.HAL_SMBUS_MasterTxCpltCallback
                0x0000000008009b4c       0x14 ./Drivers/STM32L4xx_HAL_Driver/Src/stm32l4xx_hal_smbus.o
                0x0000000008009b4c                HAL_SMBUS_MasterTxCpltCallback
 .text.HAL_SMBUS_MasterRxCpltCallback
                0x0000000008009b60       0x14 ./Drivers/STM32L4xx_HAL_Driver/Src/stm32l4xx_hal_smbus.o
                0x0000000008009b60                HAL_SMBUS_MasterRxCpltCallback
 .text.HAL_SMBUS_SlaveTxCpltCallback
                0x0000000008009b74       0x14 ./Drivers/STM32L4xx_HAL_Driver/Src/stm32l4xx_hal_smbus.o
                0x0000000008009b74                HAL_SMBUS_SlaveTxCpltCallback
 .text.HAL_SMBUS_SlaveRxCpltCallback
                0x0000000008009b88       0x14 ./Drivers/STM32L4xx_HAL_Driver/Src/stm32l4xx_hal_smbus.o
                0x0000000008009b88                HAL_SMBUS_SlaveRxCpltCallback
 .text.HAL_SMBUS_AddrCallback
                0x0000000008009b9c       0x1c ./Drivers/STM32L4xx_HAL_Driver/Src/stm32l4xx_hal_smbus.o
                0x0000000008009b9c                HAL_SMBUS_AddrCallback
 .text.HAL_SMBUS_ListenCpltCallback
                0x0000000008009bb8       0x14 ./Drivers/STM32L4xx_HAL_Driver/Src/stm32l4xx_hal_smbus.o
                0x0000000008009bb8                HAL_SMBUS_ListenCpltCallback
 .text.HAL_SMBUS_ErrorCallback
                0x0000000008009bcc       0x14 ./Drivers/STM32L4xx_HAL_Driver/Src/stm32l4xx_hal_smbus.o
                0x0000000008009bcc                HAL_SMBUS_ErrorCallback
 .text.SMBUS_Master_ISR
                0x0000000008009be0      0x3b4 ./Drivers/STM32L4xx_HAL_Driver/Src/stm32l4xx_hal_smbus.o
 .text.SMBUS_Slave_ISR
                0x0000000008009f94      0x3c4 ./Drivers/STM32L4xx_HAL_Driver/Src/stm32l4xx_hal_smbus.o
 .text.SMBUS_Enable_IRQ
                0x000000000800a358       0x72 ./Drivers/STM32L4xx_HAL_Driver/Src/stm32l4xx_hal_smbus.o
 .text.SMBUS_Disable_IRQ
                0x000000000800a3ca       0xfa ./Drivers/STM32L4xx_HAL_Driver/Src/stm32l4xx_hal_smbus.o
 .text.SMBUS_ITErrorHandler
                0x000000000800a4c4      0x16a ./Drivers/STM32L4xx_HAL_Driver/Src/stm32l4xx_hal_smbus.o
 .text.SMBUS_Flush_TXDR
                0x000000000800a62e       0x48 ./Drivers/STM32L4xx_HAL_Driver/Src/stm32l4xx_hal_smbus.o
 *fill*         0x000000000800a676        0x2 
 .text.SMBUS_TransferConfig
                0x000000000800a678       0x5c ./Drivers/STM32L4xx_HAL_Driver/Src/stm32l4xx_hal_smbus.o
 .text.HAL_SPI_Init
                0x000000000800a6d4      0x146 ./Drivers/STM32L4xx_HAL_Driver/Src/stm32l4xx_hal_spi.o
                0x000000000800a6d4                HAL_SPI_Init
 .text.HAL_TIM_OC_Init
                0x000000000800a81a       0xae ./Drivers/STM32L4xx_HAL_Driver/Src/stm32l4xx_hal_tim.o
                0x000000000800a81a                HAL_TIM_OC_Init
 .text.HAL_TIM_PWM_Init
                0x000000000800a8c8       0xae ./Drivers/STM32L4xx_HAL_Driver/Src/stm32l4xx_hal_tim.o
                0x000000000800a8c8                HAL_TIM_PWM_Init
 .text.HAL_TIM_OnePulse_Init
                0x000000000800a976       0xa0 ./Drivers/STM32L4xx_HAL_Driver/Src/stm32l4xx_hal_tim.o
                0x000000000800a976                HAL_TIM_OnePulse_Init
 .text.HAL_TIM_OnePulse_MspInit
                0x000000000800aa16       0x14 ./Drivers/STM32L4xx_HAL_Driver/Src/stm32l4xx_hal_tim.o
                0x000000000800aa16                HAL_TIM_OnePulse_MspInit
 *fill*         0x000000000800aa2a        0x2 
 .text.HAL_TIM_OC_ConfigChannel
                0x000000000800aa2c       0xf4 ./Drivers/STM32L4xx_HAL_Driver/Src/stm32l4xx_hal_tim.o
                0x000000000800aa2c                HAL_TIM_OC_ConfigChannel
 .text.HAL_TIM_PWM_ConfigChannel
                0x000000000800ab20      0x228 ./Drivers/STM32L4xx_HAL_Driver/Src/stm32l4xx_hal_tim.o
                0x000000000800ab20                HAL_TIM_PWM_ConfigChannel
 .text.TIM_Base_SetConfig
                0x000000000800ad48      0x134 ./Drivers/STM32L4xx_HAL_Driver/Src/stm32l4xx_hal_tim.o
                0x000000000800ad48                TIM_Base_SetConfig
 .text.TIM_OC1_SetConfig
                0x000000000800ae7c      0x120 ./Drivers/STM32L4xx_HAL_Driver/Src/stm32l4xx_hal_tim.o
 .text.TIM_OC2_SetConfig
                0x000000000800af9c      0x114 ./Drivers/STM32L4xx_HAL_Driver/Src/stm32l4xx_hal_tim.o
                0x000000000800af9c                TIM_OC2_SetConfig
 .text.TIM_OC3_SetConfig
                0x000000000800b0b0      0x110 ./Drivers/STM32L4xx_HAL_Driver/Src/stm32l4xx_hal_tim.o
 .text.TIM_OC4_SetConfig
                0x000000000800b1c0       0xd4 ./Drivers/STM32L4xx_HAL_Driver/Src/stm32l4xx_hal_tim.o
 .text.TIM_OC5_SetConfig
                0x000000000800b294       0xc8 ./Drivers/STM32L4xx_HAL_Driver/Src/stm32l4xx_hal_tim.o
 .text.TIM_OC6_SetConfig
                0x000000000800b35c       0xcc ./Drivers/STM32L4xx_HAL_Driver/Src/stm32l4xx_hal_tim.o
 .text.HAL_TIMEx_MasterConfigSynchronization
                0x000000000800b428      0x110 ./Drivers/STM32L4xx_HAL_Driver/Src/stm32l4xx_hal_tim_ex.o
                0x000000000800b428                HAL_TIMEx_MasterConfigSynchronization
 .text.HAL_UART_Init
                0x000000000800b538       0xa0 ./Drivers/STM32L4xx_HAL_Driver/Src/stm32l4xx_hal_uart.o
                0x000000000800b538                HAL_UART_Init
 .text.UART_SetConfig
                0x000000000800b5d8      0x590 ./Drivers/STM32L4xx_HAL_Driver/Src/stm32l4xx_hal_uart.o
                0x000000000800b5d8                UART_SetConfig
 .text.UART_AdvFeatureConfig
                0x000000000800bb68      0x144 ./Drivers/STM32L4xx_HAL_Driver/Src/stm32l4xx_hal_uart.o
                0x000000000800bb68                UART_AdvFeatureConfig
 .text.UART_CheckIdleState
                0x000000000800bcac       0x96 ./Drivers/STM32L4xx_HAL_Driver/Src/stm32l4xx_hal_uart.o
                0x000000000800bcac                UART_CheckIdleState
 .text.UART_WaitOnFlagUntilTimeout
                0x000000000800bd42      0x190 ./Drivers/STM32L4xx_HAL_Driver/Src/stm32l4xx_hal_uart.o
                0x000000000800bd42                UART_WaitOnFlagUntilTimeout
 .text.HAL_UARTEx_DisableFifoMode
                0x000000000800bed2       0x72 ./Drivers/STM32L4xx_HAL_Driver/Src/stm32l4xx_hal_uart_ex.o
                0x000000000800bed2                HAL_UARTEx_DisableFifoMode
 .text.HAL_UARTEx_SetTxFifoThreshold
                0x000000000800bf44       0x7c ./Drivers/STM32L4xx_HAL_Driver/Src/stm32l4xx_hal_uart_ex.o
                0x000000000800bf44                HAL_UARTEx_SetTxFifoThreshold
 .text.HAL_UARTEx_SetRxFifoThreshold
                0x000000000800bfc0       0x7c ./Drivers/STM32L4xx_HAL_Driver/Src/stm32l4xx_hal_uart_ex.o
                0x000000000800bfc0                HAL_UARTEx_SetRxFifoThreshold
 .text.UARTEx_SetNbDataToProcess
                0x000000000800c03c       0x9c ./Drivers/STM32L4xx_HAL_Driver/Src/stm32l4xx_hal_uart_ex.o
 .text.SDMMC_Init
                0x000000000800c0d8       0x54 ./Drivers/STM32L4xx_HAL_Driver/Src/stm32l4xx_ll_sdmmc.o
                0x000000000800c0d8                SDMMC_Init
 .text.SDMMC_ReadFIFO
                0x000000000800c12c       0x1a ./Drivers/STM32L4xx_HAL_Driver/Src/stm32l4xx_ll_sdmmc.o
                0x000000000800c12c                SDMMC_ReadFIFO
 .text.SDMMC_PowerState_ON
                0x000000000800c146       0x24 ./Drivers/STM32L4xx_HAL_Driver/Src/stm32l4xx_ll_sdmmc.o
                0x000000000800c146                SDMMC_PowerState_ON
 .text.SDMMC_GetPowerState
                0x000000000800c16a       0x1c ./Drivers/STM32L4xx_HAL_Driver/Src/stm32l4xx_ll_sdmmc.o
                0x000000000800c16a                SDMMC_GetPowerState
 *fill*         0x000000000800c186        0x2 
 .text.SDMMC_SendCommand
                0x000000000800c188       0x54 ./Drivers/STM32L4xx_HAL_Driver/Src/stm32l4xx_ll_sdmmc.o
                0x000000000800c188                SDMMC_SendCommand
 .text.SDMMC_GetCommandResponse
                0x000000000800c1dc       0x1a ./Drivers/STM32L4xx_HAL_Driver/Src/stm32l4xx_ll_sdmmc.o
                0x000000000800c1dc                SDMMC_GetCommandResponse
 .text.SDMMC_GetResponse
                0x000000000800c1f6       0x26 ./Drivers/STM32L4xx_HAL_Driver/Src/stm32l4xx_ll_sdmmc.o
                0x000000000800c1f6                SDMMC_GetResponse
 .text.SDMMC_ConfigData
                0x000000000800c21c       0x58 ./Drivers/STM32L4xx_HAL_Driver/Src/stm32l4xx_ll_sdmmc.o
                0x000000000800c21c                SDMMC_ConfigData
 .text.SDMMC_CmdBlockLength
                0x000000000800c274       0x46 ./Drivers/STM32L4xx_HAL_Driver/Src/stm32l4xx_ll_sdmmc.o
                0x000000000800c274                SDMMC_CmdBlockLength
 .text.SDMMC_CmdSelDesel
                0x000000000800c2ba       0x48 ./Drivers/STM32L4xx_HAL_Driver/Src/stm32l4xx_ll_sdmmc.o
                0x000000000800c2ba                SDMMC_CmdSelDesel
 .text.SDMMC_CmdGoIdleState
                0x000000000800c302       0x3c ./Drivers/STM32L4xx_HAL_Driver/Src/stm32l4xx_ll_sdmmc.o
                0x000000000800c302                SDMMC_CmdGoIdleState
 .text.SDMMC_CmdOperCond
                0x000000000800c33e       0x40 ./Drivers/STM32L4xx_HAL_Driver/Src/stm32l4xx_ll_sdmmc.o
                0x000000000800c33e                SDMMC_CmdOperCond
 .text.SDMMC_CmdAppCommand
                0x000000000800c37e       0x46 ./Drivers/STM32L4xx_HAL_Driver/Src/stm32l4xx_ll_sdmmc.o
                0x000000000800c37e                SDMMC_CmdAppCommand
 .text.SDMMC_CmdAppOperCommand
                0x000000000800c3c4       0x40 ./Drivers/STM32L4xx_HAL_Driver/Src/stm32l4xx_ll_sdmmc.o
                0x000000000800c3c4                SDMMC_CmdAppOperCommand
 .text.SDMMC_CmdBusWidth
                0x000000000800c404       0x46 ./Drivers/STM32L4xx_HAL_Driver/Src/stm32l4xx_ll_sdmmc.o
                0x000000000800c404                SDMMC_CmdBusWidth
 .text.SDMMC_CmdSendSCR
                0x000000000800c44a       0x44 ./Drivers/STM32L4xx_HAL_Driver/Src/stm32l4xx_ll_sdmmc.o
                0x000000000800c44a                SDMMC_CmdSendSCR
 .text.SDMMC_CmdSendCID
                0x000000000800c48e       0x3e ./Drivers/STM32L4xx_HAL_Driver/Src/stm32l4xx_ll_sdmmc.o
                0x000000000800c48e                SDMMC_CmdSendCID
 .text.SDMMC_CmdSendCSD
                0x000000000800c4cc       0x40 ./Drivers/STM32L4xx_HAL_Driver/Src/stm32l4xx_ll_sdmmc.o
                0x000000000800c4cc                SDMMC_CmdSendCSD
 .text.SDMMC_CmdSetRelAdd
                0x000000000800c50c       0x44 ./Drivers/STM32L4xx_HAL_Driver/Src/stm32l4xx_ll_sdmmc.o
                0x000000000800c50c                SDMMC_CmdSetRelAdd
 .text.SDMMC_CmdSendStatus
                0x000000000800c550       0x46 ./Drivers/STM32L4xx_HAL_Driver/Src/stm32l4xx_ll_sdmmc.o
                0x000000000800c550                SDMMC_CmdSendStatus
 .text.SDMMC_CmdStatusRegister
                0x000000000800c596       0x44 ./Drivers/STM32L4xx_HAL_Driver/Src/stm32l4xx_ll_sdmmc.o
                0x000000000800c596                SDMMC_CmdStatusRegister
 .text.SDMMC_CmdVoltageSwitch
                0x000000000800c5da       0x44 ./Drivers/STM32L4xx_HAL_Driver/Src/stm32l4xx_ll_sdmmc.o
                0x000000000800c5da                SDMMC_CmdVoltageSwitch
 *fill*         0x000000000800c61e        0x2 
 .text.SDMMC_GetCmdResp1
                0x000000000800c620      0x1e4 ./Drivers/STM32L4xx_HAL_Driver/Src/stm32l4xx_ll_sdmmc.o
                0x000000000800c620                SDMMC_GetCmdResp1
 .text.SDMMC_GetCmdResp2
                0x000000000800c804       0x94 ./Drivers/STM32L4xx_HAL_Driver/Src/stm32l4xx_ll_sdmmc.o
                0x000000000800c804                SDMMC_GetCmdResp2
 .text.SDMMC_GetCmdResp3
                0x000000000800c898       0x80 ./Drivers/STM32L4xx_HAL_Driver/Src/stm32l4xx_ll_sdmmc.o
                0x000000000800c898                SDMMC_GetCmdResp3
 .text.SDMMC_GetCmdResp6
                0x000000000800c918       0xf0 ./Drivers/STM32L4xx_HAL_Driver/Src/stm32l4xx_ll_sdmmc.o
                0x000000000800c918                SDMMC_GetCmdResp6
 .text.SDMMC_GetCmdResp7
                0x000000000800ca08       0x9c ./Drivers/STM32L4xx_HAL_Driver/Src/stm32l4xx_ll_sdmmc.o
                0x000000000800ca08                SDMMC_GetCmdResp7
 .text.SDMMC_GetCmdError
                0x000000000800caa4       0x5c ./Drivers/STM32L4xx_HAL_Driver/Src/stm32l4xx_ll_sdmmc.o
 .text.USB_CoreInit
                0x000000000800cb00       0x58 ./Drivers/STM32L4xx_HAL_Driver/Src/stm32l4xx_ll_usb.o
                0x000000000800cb00                USB_CoreInit
 .text.USB_DisableGlobalInt
                0x000000000800cb58       0x22 ./Drivers/STM32L4xx_HAL_Driver/Src/stm32l4xx_ll_usb.o
                0x000000000800cb58                USB_DisableGlobalInt
 .text.USB_SetCurrentMode
                0x000000000800cb7a       0x98 ./Drivers/STM32L4xx_HAL_Driver/Src/stm32l4xx_ll_usb.o
                0x000000000800cb7a                USB_SetCurrentMode
 *fill*         0x000000000800cc12        0x2 
 .text.USB_DevInit
                0x000000000800cc14      0x298 ./Drivers/STM32L4xx_HAL_Driver/Src/stm32l4xx_ll_usb.o
                0x000000000800cc14                USB_DevInit
 .text.USB_FlushTxFifo
                0x000000000800ceac       0x68 ./Drivers/STM32L4xx_HAL_Driver/Src/stm32l4xx_ll_usb.o
                0x000000000800ceac                USB_FlushTxFifo
 .text.USB_FlushRxFifo
                0x000000000800cf14       0x60 ./Drivers/STM32L4xx_HAL_Driver/Src/stm32l4xx_ll_usb.o
                0x000000000800cf14                USB_FlushRxFifo
 .text.USB_SetDevSpeed
                0x000000000800cf74       0x32 ./Drivers/STM32L4xx_HAL_Driver/Src/stm32l4xx_ll_usb.o
                0x000000000800cf74                USB_SetDevSpeed
 .text.USB_DevDisconnect
                0x000000000800cfa6       0x42 ./Drivers/STM32L4xx_HAL_Driver/Src/stm32l4xx_ll_usb.o
                0x000000000800cfa6                USB_DevDisconnect
 .text.USB_GetMode
                0x000000000800cfe8       0x1c ./Drivers/STM32L4xx_HAL_Driver/Src/stm32l4xx_ll_usb.o
                0x000000000800cfe8                USB_GetMode
 .text.USB_CoreReset
                0x000000000800d004       0x68 ./Drivers/STM32L4xx_HAL_Driver/Src/stm32l4xx_ll_usb.o
 .text.__libc_init_array
                0x000000000800d06c       0x48 c:/p/stm32cubeide151/stm32cubeide/plugins/com.st.stm32cube.ide.mcu.externaltools.gnu-tools-for-stm32.9-2020-q2-update.win32_2.0.0.202105311346/tools/bin/../lib/gcc/arm-none-eabi/9.3.1/../../../../arm-none-eabi/lib/thumb/v7e-m+fp/hard\libc_nano.a(lib_a-init.o)
                0x000000000800d06c                __libc_init_array
 .text.memset   0x000000000800d0b4       0x10 c:/p/stm32cubeide151/stm32cubeide/plugins/com.st.stm32cube.ide.mcu.externaltools.gnu-tools-for-stm32.9-2020-q2-update.win32_2.0.0.202105311346/tools/bin/../lib/gcc/arm-none-eabi/9.3.1/../../../../arm-none-eabi/lib/thumb/v7e-m+fp/hard\libc_nano.a(lib_a-memset.o)
                0x000000000800d0b4                memset
 *(.glue_7)
 .glue_7        0x000000000800d0c4        0x0 linker stubs
 *(.glue_7t)
 .glue_7t       0x000000000800d0c4        0x0 linker stubs
 *(.eh_frame)
 .eh_frame      0x000000000800d0c4        0x0 c:/p/stm32cubeide151/stm32cubeide/plugins/com.st.stm32cube.ide.mcu.externaltools.gnu-tools-for-stm32.9-2020-q2-update.win32_2.0.0.202105311346/tools/bin/../lib/gcc/arm-none-eabi/9.3.1/thumb/v7e-m+fp/hard/crtbegin.o
 *(.init)
 .init          0x000000000800d0c4        0x4 c:/p/stm32cubeide151/stm32cubeide/plugins/com.st.stm32cube.ide.mcu.externaltools.gnu-tools-for-stm32.9-2020-q2-update.win32_2.0.0.202105311346/tools/bin/../lib/gcc/arm-none-eabi/9.3.1/thumb/v7e-m+fp/hard/crti.o
                0x000000000800d0c4                _init
 .init          0x000000000800d0c8        0x8 c:/p/stm32cubeide151/stm32cubeide/plugins/com.st.stm32cube.ide.mcu.externaltools.gnu-tools-for-stm32.9-2020-q2-update.win32_2.0.0.202105311346/tools/bin/../lib/gcc/arm-none-eabi/9.3.1/thumb/v7e-m+fp/hard/crtn.o
 *(.fini)
 .fini          0x000000000800d0d0        0x4 c:/p/stm32cubeide151/stm32cubeide/plugins/com.st.stm32cube.ide.mcu.externaltools.gnu-tools-for-stm32.9-2020-q2-update.win32_2.0.0.202105311346/tools/bin/../lib/gcc/arm-none-eabi/9.3.1/thumb/v7e-m+fp/hard/crti.o
                0x000000000800d0d0                _fini
 .fini          0x000000000800d0d4        0x8 c:/p/stm32cubeide151/stm32cubeide/plugins/com.st.stm32cube.ide.mcu.externaltools.gnu-tools-for-stm32.9-2020-q2-update.win32_2.0.0.202105311346/tools/bin/../lib/gcc/arm-none-eabi/9.3.1/thumb/v7e-m+fp/hard/crtn.o
                0x000000000800d0dc                . = ALIGN (0x4)
                0x000000000800d0dc                _etext = .

.vfp11_veneer   0x000000000800d0dc        0x0
 .vfp11_veneer  0x000000000800d0dc        0x0 linker stubs

.v4_bx          0x000000000800d0dc        0x0
 .v4_bx         0x000000000800d0dc        0x0 linker stubs

.iplt           0x000000000800d0dc        0x0
 .iplt          0x000000000800d0dc        0x0 c:/p/stm32cubeide151/stm32cubeide/plugins/com.st.stm32cube.ide.mcu.externaltools.gnu-tools-for-stm32.9-2020-q2-update.win32_2.0.0.202105311346/tools/bin/../lib/gcc/arm-none-eabi/9.3.1/thumb/v7e-m+fp/hard/crtbegin.o

.rodata         0x000000000800d0dc       0x70
                0x000000000800d0dc                . = ALIGN (0x4)
 *(.rodata)
 *(.rodata*)
 .rodata.AHBPrescTable
                0x000000000800d0dc       0x10 ./Core/Src/system_stm32l4xx.o
                0x000000000800d0dc                AHBPrescTable
 .rodata.APBPrescTable
                0x000000000800d0ec        0x8 ./Core/Src/system_stm32l4xx.o
                0x000000000800d0ec                APBPrescTable
 .rodata.MSIRangeTable
                0x000000000800d0f4       0x30 ./Core/Src/system_stm32l4xx.o
                0x000000000800d0f4                MSIRangeTable
 .rodata.UARTPrescTable
                0x000000000800d124       0x18 ./Drivers/STM32L4xx_HAL_Driver/Src/stm32l4xx_hal_uart.o
                0x000000000800d124                UARTPrescTable
 .rodata.numerator.12180
                0x000000000800d13c        0x8 ./Drivers/STM32L4xx_HAL_Driver/Src/stm32l4xx_hal_uart_ex.o
 .rodata.denominator.12181
                0x000000000800d144        0x8 ./Drivers/STM32L4xx_HAL_Driver/Src/stm32l4xx_hal_uart_ex.o
                0x000000000800d14c                . = ALIGN (0x4)

.ARM.extab      0x000000000800d14c        0x0
                0x000000000800d14c                . = ALIGN (0x4)
 *(.ARM.extab* .gnu.linkonce.armextab.*)
                0x000000000800d14c                . = ALIGN (0x4)

.ARM            0x000000000800d14c        0x8
                0x000000000800d14c                . = ALIGN (0x4)
                0x000000000800d14c                __exidx_start = .
 *(.ARM.exidx*)
 .ARM.exidx     0x000000000800d14c        0x8 c:/p/stm32cubeide151/stm32cubeide/plugins/com.st.stm32cube.ide.mcu.externaltools.gnu-tools-for-stm32.9-2020-q2-update.win32_2.0.0.202105311346/tools/bin/../lib/gcc/arm-none-eabi/9.3.1/thumb/v7e-m+fp/hard\libgcc.a(_udivmoddi4.o)
                0x000000000800d154                __exidx_end = .
                0x000000000800d154                . = ALIGN (0x4)

.rel.dyn        0x000000000800d154        0x0
 .rel.iplt      0x000000000800d154        0x0 c:/p/stm32cubeide151/stm32cubeide/plugins/com.st.stm32cube.ide.mcu.externaltools.gnu-tools-for-stm32.9-2020-q2-update.win32_2.0.0.202105311346/tools/bin/../lib/gcc/arm-none-eabi/9.3.1/thumb/v7e-m+fp/hard/crtbegin.o

.preinit_array  0x000000000800d154        0x0
                0x000000000800d154                . = ALIGN (0x4)
                0x000000000800d154                PROVIDE (__preinit_array_start = .)
 *(.preinit_array*)
                0x000000000800d154                PROVIDE (__preinit_array_end = .)
                0x000000000800d154                . = ALIGN (0x4)

.init_array     0x000000000800d154        0x4
                0x000000000800d154                . = ALIGN (0x4)
                0x000000000800d154                PROVIDE (__init_array_start = .)
 *(SORT_BY_NAME(.init_array.*))
 *(.init_array*)
 .init_array    0x000000000800d154        0x4 c:/p/stm32cubeide151/stm32cubeide/plugins/com.st.stm32cube.ide.mcu.externaltools.gnu-tools-for-stm32.9-2020-q2-update.win32_2.0.0.202105311346/tools/bin/../lib/gcc/arm-none-eabi/9.3.1/thumb/v7e-m+fp/hard/crtbegin.o
                0x000000000800d158                PROVIDE (__init_array_end = .)
                0x000000000800d158                . = ALIGN (0x4)

.fini_array     0x000000000800d158        0x4
                0x000000000800d158                . = ALIGN (0x4)
                [!provide]                        PROVIDE (__fini_array_start = .)
 *(SORT_BY_NAME(.fini_array.*))
 *(.fini_array*)
 .fini_array    0x000000000800d158        0x4 c:/p/stm32cubeide151/stm32cubeide/plugins/com.st.stm32cube.ide.mcu.externaltools.gnu-tools-for-stm32.9-2020-q2-update.win32_2.0.0.202105311346/tools/bin/../lib/gcc/arm-none-eabi/9.3.1/thumb/v7e-m+fp/hard/crtbegin.o
                [!provide]                        PROVIDE (__fini_array_end = .)
                0x000000000800d15c                . = ALIGN (0x4)
                0x000000000800d15c                _sidata = LOADADDR (.data)

.data           0x0000000020000000        0xc load address 0x000000000800d15c
                0x0000000020000000                . = ALIGN (0x4)
                0x0000000020000000                _sdata = .
 *(.data)
 *(.data*)
 .data.SystemCoreClock
                0x0000000020000000        0x4 ./Core/Src/system_stm32l4xx.o
                0x0000000020000000                SystemCoreClock
 .data.uwTickPrio
                0x0000000020000004        0x4 ./Drivers/STM32L4xx_HAL_Driver/Src/stm32l4xx_hal.o
                0x0000000020000004                uwTickPrio
 .data.uwTickFreq
                0x0000000020000008        0x1 ./Drivers/STM32L4xx_HAL_Driver/Src/stm32l4xx_hal.o
                0x0000000020000008                uwTickFreq
 *(.RamFunc)
 *(.RamFunc*)
                0x000000002000000c                . = ALIGN (0x4)
 *fill*         0x0000000020000009        0x3 
                0x000000002000000c                _edata = .

.igot.plt       0x000000002000000c        0x0 load address 0x000000000800d168
 .igot.plt      0x000000002000000c        0x0 c:/p/stm32cubeide151/stm32cubeide/plugins/com.st.stm32cube.ide.mcu.externaltools.gnu-tools-for-stm32.9-2020-q2-update.win32_2.0.0.202105311346/tools/bin/../lib/gcc/arm-none-eabi/9.3.1/thumb/v7e-m+fp/hard/crtbegin.o
                0x000000002000000c                . = ALIGN (0x4)

.bss            0x000000002000000c      0xd4c load address 0x000000000800d168
                0x000000002000000c                _sbss = .
                0x000000002000000c                __bss_start__ = _sbss
 *(.bss)
 .bss           0x000000002000000c       0x1c c:/p/stm32cubeide151/stm32cubeide/plugins/com.st.stm32cube.ide.mcu.externaltools.gnu-tools-for-stm32.9-2020-q2-update.win32_2.0.0.202105311346/tools/bin/../lib/gcc/arm-none-eabi/9.3.1/thumb/v7e-m+fp/hard/crtbegin.o
 *(.bss*)
 .bss.HAL_RCC_DFSDM1_CLK_ENABLED
                0x0000000020000028        0x4 ./Core/Src/stm32l4xx_hal_msp.o
 .bss.DFSDM1_Init
                0x000000002000002c        0x4 ./Core/Src/stm32l4xx_hal_msp.o
 .bss.SAI1_client
                0x0000000020000030        0x4 ./Core/Src/stm32l4xx_hal_msp.o
 .bss.v_dfsdm1ChannelCounter
                0x0000000020000034        0x4 ./Drivers/STM32L4xx_HAL_Driver/Src/stm32l4xx_hal_dfsdm.o
 .bss.a_dfsdm1ChannelHandle
                0x0000000020000038       0x20 ./Drivers/STM32L4xx_HAL_Driver/Src/stm32l4xx_hal_dfsdm.o
 *(COMMON)
 COMMON         0x0000000020000058      0xcfc ./Core/Src/main.o
                0x0000000020000058                hi2c3
                0x00000000200000ac                hi2c4
                0x0000000020000100                hspi2
                0x0000000020000164                hdac1
                0x0000000020000178                huart3
                0x0000000020000208                hpcd_USB_OTG_FS
                0x0000000020000714                hdfsdm1_filter0
                0x0000000020000768                hsd1
                0x00000000200007e8                htim5
                0x0000000020000834                hspi3
                0x0000000020000898                hltdc
                0x0000000020000940                hsai_BlockB1
                0x00000000200009d4                hadc1
                0x0000000020000a3c                hdfsdm1_channel5
                0x0000000020000a74                hdma_adc1
                0x0000000020000ad4                hrtc
                0x0000000020000af8                hdfsdm1_channel7
                0x0000000020000b30                hspi1
                0x0000000020000b94                htim2
                0x0000000020000be0                hsai_BlockA1
                0x0000000020000c74                huart2
                0x0000000020000d04                hsmbus2
 COMMON         0x0000000020000d54        0x4 ./Drivers/STM32L4xx_HAL_Driver/Src/stm32l4xx_hal.o
                0x0000000020000d54                uwTick
                0x0000000020000d58                . = ALIGN (0x4)
                0x0000000020000d58                _ebss = .
                0x0000000020000d58                __bss_end__ = _ebss

._user_heap_stack
                0x0000000020000d58      0x600 load address 0x000000000800d168
                0x0000000020000d58                . = ALIGN (0x8)
                [!provide]                        PROVIDE (end = .)
                0x0000000020000d58                PROVIDE (_end = .)
                0x0000000020000f58                . = (. + _Min_Heap_Size)
 *fill*         0x0000000020000d58      0x200 
                0x0000000020001358                . = (. + _Min_Stack_Size)
 *fill*         0x0000000020000f58      0x400 
                0x0000000020001358                . = ALIGN (0x8)

/DISCARD/
 libc.a(*)
 libm.a(*)
 libgcc.a(*)

.ARM.attributes
                0x0000000000000000       0x30
 *(.ARM.attributes)
 .ARM.attributes
                0x0000000000000000       0x1e c:/p/stm32cubeide151/stm32cubeide/plugins/com.st.stm32cube.ide.mcu.externaltools.gnu-tools-for-stm32.9-2020-q2-update.win32_2.0.0.202105311346/tools/bin/../lib/gcc/arm-none-eabi/9.3.1/thumb/v7e-m+fp/hard/crti.o
 .ARM.attributes
                0x000000000000001e       0x34 c:/p/stm32cubeide151/stm32cubeide/plugins/com.st.stm32cube.ide.mcu.externaltools.gnu-tools-for-stm32.9-2020-q2-update.win32_2.0.0.202105311346/tools/bin/../lib/gcc/arm-none-eabi/9.3.1/thumb/v7e-m+fp/hard/crtbegin.o
 .ARM.attributes
                0x0000000000000052       0x34 ./Core/Src/main.o
 .ARM.attributes
                0x0000000000000086       0x34 ./Core/Src/stm32l4xx_hal_msp.o
 .ARM.attributes
                0x00000000000000ba       0x34 ./Core/Src/stm32l4xx_it.o
 .ARM.attributes
                0x00000000000000ee       0x34 ./Core/Src/system_stm32l4xx.o
 .ARM.attributes
                0x0000000000000122       0x21 ./Core/Startup/startup_stm32l4r9zijx.o
 .ARM.attributes
                0x0000000000000143       0x34 ./Drivers/STM32L4xx_HAL_Driver/Src/stm32l4xx_hal.o
 .ARM.attributes
                0x0000000000000177       0x34 ./Drivers/STM32L4xx_HAL_Driver/Src/stm32l4xx_hal_adc.o
 .ARM.attributes
                0x00000000000001ab       0x34 ./Drivers/STM32L4xx_HAL_Driver/Src/stm32l4xx_hal_cortex.o
 .ARM.attributes
                0x00000000000001df       0x34 ./Drivers/STM32L4xx_HAL_Driver/Src/stm32l4xx_hal_dac.o
 .ARM.attributes
                0x0000000000000213       0x34 ./Drivers/STM32L4xx_HAL_Driver/Src/stm32l4xx_hal_dfsdm.o
 .ARM.attributes
                0x0000000000000247       0x34 ./Drivers/STM32L4xx_HAL_Driver/Src/stm32l4xx_hal_dma.o
 .ARM.attributes
                0x000000000000027b       0x34 ./Drivers/STM32L4xx_HAL_Driver/Src/stm32l4xx_hal_gpio.o
 .ARM.attributes
                0x00000000000002af       0x34 ./Drivers/STM32L4xx_HAL_Driver/Src/stm32l4xx_hal_i2c.o
 .ARM.attributes
                0x00000000000002e3       0x34 ./Drivers/STM32L4xx_HAL_Driver/Src/stm32l4xx_hal_i2c_ex.o
 .ARM.attributes
                0x0000000000000317       0x34 ./Drivers/STM32L4xx_HAL_Driver/Src/stm32l4xx_hal_ltdc.o
 .ARM.attributes
                0x000000000000034b       0x34 ./Drivers/STM32L4xx_HAL_Driver/Src/stm32l4xx_hal_pcd.o
 .ARM.attributes
                0x000000000000037f       0x34 ./Drivers/STM32L4xx_HAL_Driver/Src/stm32l4xx_hal_pcd_ex.o
 .ARM.attributes
                0x00000000000003b3       0x34 ./Drivers/STM32L4xx_HAL_Driver/Src/stm32l4xx_hal_pwr.o
 .ARM.attributes
                0x00000000000003e7       0x34 ./Drivers/STM32L4xx_HAL_Driver/Src/stm32l4xx_hal_pwr_ex.o
 .ARM.attributes
                0x000000000000041b       0x34 ./Drivers/STM32L4xx_HAL_Driver/Src/stm32l4xx_hal_rcc.o
 .ARM.attributes
                0x000000000000044f       0x34 ./Drivers/STM32L4xx_HAL_Driver/Src/stm32l4xx_hal_rcc_ex.o
 .ARM.attributes
                0x0000000000000483       0x34 ./Drivers/STM32L4xx_HAL_Driver/Src/stm32l4xx_hal_rtc.o
 .ARM.attributes
                0x00000000000004b7       0x34 ./Drivers/STM32L4xx_HAL_Driver/Src/stm32l4xx_hal_rtc_ex.o
 .ARM.attributes
                0x00000000000004eb       0x34 ./Drivers/STM32L4xx_HAL_Driver/Src/stm32l4xx_hal_sai.o
 .ARM.attributes
                0x000000000000051f       0x34 ./Drivers/STM32L4xx_HAL_Driver/Src/stm32l4xx_hal_sd.o
 .ARM.attributes
                0x0000000000000553       0x34 ./Drivers/STM32L4xx_HAL_Driver/Src/stm32l4xx_hal_sd_ex.o
 .ARM.attributes
                0x0000000000000587       0x34 ./Drivers/STM32L4xx_HAL_Driver/Src/stm32l4xx_hal_smbus.o
 .ARM.attributes
                0x00000000000005bb       0x34 ./Drivers/STM32L4xx_HAL_Driver/Src/stm32l4xx_hal_spi.o
 .ARM.attributes
                0x00000000000005ef       0x34 ./Drivers/STM32L4xx_HAL_Driver/Src/stm32l4xx_hal_tim.o
 .ARM.attributes
                0x0000000000000623       0x34 ./Drivers/STM32L4xx_HAL_Driver/Src/stm32l4xx_hal_tim_ex.o
 .ARM.attributes
                0x0000000000000657       0x34 ./Drivers/STM32L4xx_HAL_Driver/Src/stm32l4xx_hal_uart.o
 .ARM.attributes
                0x000000000000068b       0x34 ./Drivers/STM32L4xx_HAL_Driver/Src/stm32l4xx_hal_uart_ex.o
 .ARM.attributes
                0x00000000000006bf       0x34 ./Drivers/STM32L4xx_HAL_Driver/Src/stm32l4xx_ll_sdmmc.o
 .ARM.attributes
                0x00000000000006f3       0x34 ./Drivers/STM32L4xx_HAL_Driver/Src/stm32l4xx_ll_usb.o
 .ARM.attributes
                0x0000000000000727       0x34 c:/p/stm32cubeide151/stm32cubeide/plugins/com.st.stm32cube.ide.mcu.externaltools.gnu-tools-for-stm32.9-2020-q2-update.win32_2.0.0.202105311346/tools/bin/../lib/gcc/arm-none-eabi/9.3.1/../../../../arm-none-eabi/lib/thumb/v7e-m+fp/hard\libc_nano.a(lib_a-init.o)
 .ARM.attributes
                0x000000000000075b       0x34 c:/p/stm32cubeide151/stm32cubeide/plugins/com.st.stm32cube.ide.mcu.externaltools.gnu-tools-for-stm32.9-2020-q2-update.win32_2.0.0.202105311346/tools/bin/../lib/gcc/arm-none-eabi/9.3.1/../../../../arm-none-eabi/lib/thumb/v7e-m+fp/hard\libc_nano.a(lib_a-memset.o)
 .ARM.attributes
                0x000000000000078f       0x1e c:/p/stm32cubeide151/stm32cubeide/plugins/com.st.stm32cube.ide.mcu.externaltools.gnu-tools-for-stm32.9-2020-q2-update.win32_2.0.0.202105311346/tools/bin/../lib/gcc/arm-none-eabi/9.3.1/thumb/v7e-m+fp/hard\libgcc.a(_aeabi_uldivmod.o)
 .ARM.attributes
                0x00000000000007ad       0x34 c:/p/stm32cubeide151/stm32cubeide/plugins/com.st.stm32cube.ide.mcu.externaltools.gnu-tools-for-stm32.9-2020-q2-update.win32_2.0.0.202105311346/tools/bin/../lib/gcc/arm-none-eabi/9.3.1/thumb/v7e-m+fp/hard\libgcc.a(_udivmoddi4.o)
 .ARM.attributes
                0x00000000000007e1       0x1e c:/p/stm32cubeide151/stm32cubeide/plugins/com.st.stm32cube.ide.mcu.externaltools.gnu-tools-for-stm32.9-2020-q2-update.win32_2.0.0.202105311346/tools/bin/../lib/gcc/arm-none-eabi/9.3.1/thumb/v7e-m+fp/hard\libgcc.a(_dvmd_tls.o)
 .ARM.attributes
                0x00000000000007ff       0x1e c:/p/stm32cubeide151/stm32cubeide/plugins/com.st.stm32cube.ide.mcu.externaltools.gnu-tools-for-stm32.9-2020-q2-update.win32_2.0.0.202105311346/tools/bin/../lib/gcc/arm-none-eabi/9.3.1/thumb/v7e-m+fp/hard/crtn.o
OUTPUT(GaitAnalysis.elf elf32-littlearm)
LOAD linker stubs
LOAD c:/p/stm32cubeide151/stm32cubeide/plugins/com.st.stm32cube.ide.mcu.externaltools.gnu-tools-for-stm32.9-2020-q2-update.win32_2.0.0.202105311346/tools/bin/../lib/gcc/arm-none-eabi/9.3.1/../../../../arm-none-eabi/lib/thumb/v7e-m+fp/hard\libc.a
LOAD c:/p/stm32cubeide151/stm32cubeide/plugins/com.st.stm32cube.ide.mcu.externaltools.gnu-tools-for-stm32.9-2020-q2-update.win32_2.0.0.202105311346/tools/bin/../lib/gcc/arm-none-eabi/9.3.1/../../../../arm-none-eabi/lib/thumb/v7e-m+fp/hard\libm.a
LOAD c:/p/stm32cubeide151/stm32cubeide/plugins/com.st.stm32cube.ide.mcu.externaltools.gnu-tools-for-stm32.9-2020-q2-update.win32_2.0.0.202105311346/tools/bin/../lib/gcc/arm-none-eabi/9.3.1/thumb/v7e-m+fp/hard\libgcc.a

.debug_info     0x0000000000000000    0x323bb
 .debug_info    0x0000000000000000     0x44ee ./Core/Src/main.o
 .debug_info    0x00000000000044ee     0x474f ./Core/Src/stm32l4xx_hal_msp.o
 .debug_info    0x0000000000008c3d      0xc84 ./Core/Src/stm32l4xx_it.o
 .debug_info    0x00000000000098c1      0x7e9 ./Core/Src/system_stm32l4xx.o
 .debug_info    0x000000000000a0aa       0x22 ./Core/Startup/startup_stm32l4r9zijx.o
 .debug_info    0x000000000000a0cc      0xd6e ./Drivers/STM32L4xx_HAL_Driver/Src/stm32l4xx_hal.o
 .debug_info    0x000000000000ae3a     0x2058 ./Drivers/STM32L4xx_HAL_Driver/Src/stm32l4xx_hal_adc.o
 .debug_info    0x000000000000ce92     0x109d ./Drivers/STM32L4xx_HAL_Driver/Src/stm32l4xx_hal_cortex.o
 .debug_info    0x000000000000df2f      0xdfb ./Drivers/STM32L4xx_HAL_Driver/Src/stm32l4xx_hal_dac.o
 .debug_info    0x000000000000ed2a     0x1ecc ./Drivers/STM32L4xx_HAL_Driver/Src/stm32l4xx_hal_dfsdm.o
 .debug_info    0x0000000000010bf6      0xb16 ./Drivers/STM32L4xx_HAL_Driver/Src/stm32l4xx_hal_dma.o
 .debug_info    0x000000000001170c      0xabd ./Drivers/STM32L4xx_HAL_Driver/Src/stm32l4xx_hal_gpio.o
 .debug_info    0x00000000000121c9     0x2510 ./Drivers/STM32L4xx_HAL_Driver/Src/stm32l4xx_hal_i2c.o
 .debug_info    0x00000000000146d9      0xdca ./Drivers/STM32L4xx_HAL_Driver/Src/stm32l4xx_hal_i2c_ex.o
 .debug_info    0x00000000000154a3     0x137e ./Drivers/STM32L4xx_HAL_Driver/Src/stm32l4xx_hal_ltdc.o
 .debug_info    0x0000000000016821     0x148e ./Drivers/STM32L4xx_HAL_Driver/Src/stm32l4xx_hal_pcd.o
 .debug_info    0x0000000000017caf      0xaeb ./Drivers/STM32L4xx_HAL_Driver/Src/stm32l4xx_hal_pcd_ex.o
 .debug_info    0x000000000001879a      0xbf8 ./Drivers/STM32L4xx_HAL_Driver/Src/stm32l4xx_hal_pwr.o
 .debug_info    0x0000000000019392      0xcad ./Drivers/STM32L4xx_HAL_Driver/Src/stm32l4xx_hal_pwr_ex.o
 .debug_info    0x000000000001a03f      0xf8a ./Drivers/STM32L4xx_HAL_Driver/Src/stm32l4xx_hal_rcc.o
 .debug_info    0x000000000001afc9     0x13e1 ./Drivers/STM32L4xx_HAL_Driver/Src/stm32l4xx_hal_rcc_ex.o
 .debug_info    0x000000000001c3aa     0x10c4 ./Drivers/STM32L4xx_HAL_Driver/Src/stm32l4xx_hal_rtc.o
 .debug_info    0x000000000001d46e     0x12dc ./Drivers/STM32L4xx_HAL_Driver/Src/stm32l4xx_hal_rtc_ex.o
 .debug_info    0x000000000001e74a     0x162b ./Drivers/STM32L4xx_HAL_Driver/Src/stm32l4xx_hal_sai.o
 .debug_info    0x000000000001fd75     0x1a90 ./Drivers/STM32L4xx_HAL_Driver/Src/stm32l4xx_hal_sd.o
 .debug_info    0x0000000000021805      0xa5d ./Drivers/STM32L4xx_HAL_Driver/Src/stm32l4xx_hal_sd_ex.o
 .debug_info    0x0000000000022262      0xeb5 ./Drivers/STM32L4xx_HAL_Driver/Src/stm32l4xx_hal_smbus.o
 .debug_info    0x0000000000023117     0x1a54 ./Drivers/STM32L4xx_HAL_Driver/Src/stm32l4xx_hal_spi.o
 .debug_info    0x0000000000024b6b     0x2fba ./Drivers/STM32L4xx_HAL_Driver/Src/stm32l4xx_hal_tim.o
 .debug_info    0x0000000000027b25     0x1a09 ./Drivers/STM32L4xx_HAL_Driver/Src/stm32l4xx_hal_tim_ex.o
 .debug_info    0x000000000002952e     0x4aba ./Drivers/STM32L4xx_HAL_Driver/Src/stm32l4xx_hal_uart.o
 .debug_info    0x000000000002dfe8     0x119b ./Drivers/STM32L4xx_HAL_Driver/Src/stm32l4xx_hal_uart_ex.o
 .debug_info    0x000000000002f183     0x1539 ./Drivers/STM32L4xx_HAL_Driver/Src/stm32l4xx_ll_sdmmc.o
 .debug_info    0x00000000000306bc     0x1cff ./Drivers/STM32L4xx_HAL_Driver/Src/stm32l4xx_ll_usb.o

.debug_abbrev   0x0000000000000000     0x4a0b
 .debug_abbrev  0x0000000000000000      0x29f ./Core/Src/main.o
 .debug_abbrev  0x000000000000029f      0x285 ./Core/Src/stm32l4xx_hal_msp.o
 .debug_abbrev  0x0000000000000524      0x163 ./Core/Src/stm32l4xx_it.o
 .debug_abbrev  0x0000000000000687      0x165 ./Core/Src/system_stm32l4xx.o
 .debug_abbrev  0x00000000000007ec       0x12 ./Core/Startup/startup_stm32l4r9zijx.o
 .debug_abbrev  0x00000000000007fe      0x227 ./Drivers/STM32L4xx_HAL_Driver/Src/stm32l4xx_hal.o
 .debug_abbrev  0x0000000000000a25      0x288 ./Drivers/STM32L4xx_HAL_Driver/Src/stm32l4xx_hal_adc.o
 .debug_abbrev  0x0000000000000cad      0x33c ./Drivers/STM32L4xx_HAL_Driver/Src/stm32l4xx_hal_cortex.o
 .debug_abbrev  0x0000000000000fe9      0x1f2 ./Drivers/STM32L4xx_HAL_Driver/Src/stm32l4xx_hal_dac.o
 .debug_abbrev  0x00000000000011db      0x267 ./Drivers/STM32L4xx_HAL_Driver/Src/stm32l4xx_hal_dfsdm.o
 .debug_abbrev  0x0000000000001442      0x201 ./Drivers/STM32L4xx_HAL_Driver/Src/stm32l4xx_hal_dma.o
 .debug_abbrev  0x0000000000001643      0x1e8 ./Drivers/STM32L4xx_HAL_Driver/Src/stm32l4xx_hal_gpio.o
 .debug_abbrev  0x000000000000182b      0x256 ./Drivers/STM32L4xx_HAL_Driver/Src/stm32l4xx_hal_i2c.o
 .debug_abbrev  0x0000000000001a81      0x1dd ./Drivers/STM32L4xx_HAL_Driver/Src/stm32l4xx_hal_i2c_ex.o
 .debug_abbrev  0x0000000000001c5e      0x239 ./Drivers/STM32L4xx_HAL_Driver/Src/stm32l4xx_hal_ltdc.o
 .debug_abbrev  0x0000000000001e97      0x282 ./Drivers/STM32L4xx_HAL_Driver/Src/stm32l4xx_hal_pcd.o
 .debug_abbrev  0x0000000000002119      0x246 ./Drivers/STM32L4xx_HAL_Driver/Src/stm32l4xx_hal_pcd_ex.o
 .debug_abbrev  0x000000000000235f      0x1ab ./Drivers/STM32L4xx_HAL_Driver/Src/stm32l4xx_hal_pwr.o
 .debug_abbrev  0x000000000000250a      0x1f3 ./Drivers/STM32L4xx_HAL_Driver/Src/stm32l4xx_hal_pwr_ex.o
 .debug_abbrev  0x00000000000026fd      0x2b1 ./Drivers/STM32L4xx_HAL_Driver/Src/stm32l4xx_hal_rcc.o
 .debug_abbrev  0x00000000000029ae      0x268 ./Drivers/STM32L4xx_HAL_Driver/Src/stm32l4xx_hal_rcc_ex.o
 .debug_abbrev  0x0000000000002c16      0x200 ./Drivers/STM32L4xx_HAL_Driver/Src/stm32l4xx_hal_rtc.o
 .debug_abbrev  0x0000000000002e16      0x20a ./Drivers/STM32L4xx_HAL_Driver/Src/stm32l4xx_hal_rtc_ex.o
 .debug_abbrev  0x0000000000003020      0x264 ./Drivers/STM32L4xx_HAL_Driver/Src/stm32l4xx_hal_sai.o
 .debug_abbrev  0x0000000000003284      0x22b ./Drivers/STM32L4xx_HAL_Driver/Src/stm32l4xx_hal_sd.o
 .debug_abbrev  0x00000000000034af      0x235 ./Drivers/STM32L4xx_HAL_Driver/Src/stm32l4xx_hal_sd_ex.o
 .debug_abbrev  0x00000000000036e4      0x223 ./Drivers/STM32L4xx_HAL_Driver/Src/stm32l4xx_hal_smbus.o
 .debug_abbrev  0x0000000000003907      0x254 ./Drivers/STM32L4xx_HAL_Driver/Src/stm32l4xx_hal_spi.o
 .debug_abbrev  0x0000000000003b5b      0x25e ./Drivers/STM32L4xx_HAL_Driver/Src/stm32l4xx_hal_tim.o
 .debug_abbrev  0x0000000000003db9      0x266 ./Drivers/STM32L4xx_HAL_Driver/Src/stm32l4xx_hal_tim_ex.o
 .debug_abbrev  0x000000000000401f      0x2c2 ./Drivers/STM32L4xx_HAL_Driver/Src/stm32l4xx_hal_uart.o
 .debug_abbrev  0x00000000000042e1      0x2a2 ./Drivers/STM32L4xx_HAL_Driver/Src/stm32l4xx_hal_uart_ex.o
 .debug_abbrev  0x0000000000004583      0x1e1 ./Drivers/STM32L4xx_HAL_Driver/Src/stm32l4xx_ll_sdmmc.o
 .debug_abbrev  0x0000000000004764      0x2a7 ./Drivers/STM32L4xx_HAL_Driver/Src/stm32l4xx_ll_usb.o

.debug_aranges  0x0000000000000000     0x2898
 .debug_aranges
                0x0000000000000000       0xd8 ./Core/Src/main.o
 .debug_aranges
                0x00000000000000d8      0x118 ./Core/Src/stm32l4xx_hal_msp.o
 .debug_aranges
                0x00000000000001f0       0x80 ./Core/Src/stm32l4xx_it.o
 .debug_aranges
                0x0000000000000270       0x28 ./Core/Src/system_stm32l4xx.o
 .debug_aranges
                0x0000000000000298       0x28 ./Core/Startup/startup_stm32l4r9zijx.o
 .debug_aranges
                0x00000000000002c0      0x130 ./Drivers/STM32L4xx_HAL_Driver/Src/stm32l4xx_hal.o
 .debug_aranges
                0x00000000000003f0      0x218 ./Drivers/STM32L4xx_HAL_Driver/Src/stm32l4xx_hal_adc.o
 .debug_aranges
                0x0000000000000608      0x118 ./Drivers/STM32L4xx_HAL_Driver/Src/stm32l4xx_hal_cortex.o
 .debug_aranges
                0x0000000000000720       0xc0 ./Drivers/STM32L4xx_HAL_Driver/Src/stm32l4xx_hal_dac.o
 .debug_aranges
                0x00000000000007e0      0x248 ./Drivers/STM32L4xx_HAL_Driver/Src/stm32l4xx_hal_dfsdm.o
 .debug_aranges
                0x0000000000000a28       0x90 ./Drivers/STM32L4xx_HAL_Driver/Src/stm32l4xx_hal_dma.o
 .debug_aranges
                0x0000000000000ab8       0x58 ./Drivers/STM32L4xx_HAL_Driver/Src/stm32l4xx_hal_gpio.o
 .debug_aranges
                0x0000000000000b10      0x2a0 ./Drivers/STM32L4xx_HAL_Driver/Src/stm32l4xx_hal_i2c.o
 .debug_aranges
                0x0000000000000db0       0x48 ./Drivers/STM32L4xx_HAL_Driver/Src/stm32l4xx_hal_i2c_ex.o
 .debug_aranges
                0x0000000000000df8      0x158 ./Drivers/STM32L4xx_HAL_Driver/Src/stm32l4xx_hal_ltdc.o
 .debug_aranges
                0x0000000000000f50      0x138 ./Drivers/STM32L4xx_HAL_Driver/Src/stm32l4xx_hal_pcd.o
 .debug_aranges
                0x0000000000001088       0x60 ./Drivers/STM32L4xx_HAL_Driver/Src/stm32l4xx_hal_pcd_ex.o
 .debug_aranges
                0x00000000000010e8       0x98 ./Drivers/STM32L4xx_HAL_Driver/Src/stm32l4xx_hal_pwr.o
 .debug_aranges
                0x0000000000001180      0x170 ./Drivers/STM32L4xx_HAL_Driver/Src/stm32l4xx_hal_pwr_ex.o
 .debug_aranges
                0x00000000000012f0       0x98 ./Drivers/STM32L4xx_HAL_Driver/Src/stm32l4xx_hal_rcc.o
 .debug_aranges
                0x0000000000001388      0x110 ./Drivers/STM32L4xx_HAL_Driver/Src/stm32l4xx_hal_rcc_ex.o
 .debug_aranges
                0x0000000000001498       0xe8 ./Drivers/STM32L4xx_HAL_Driver/Src/stm32l4xx_hal_rtc.o
 .debug_aranges
                0x0000000000001580      0x140 ./Drivers/STM32L4xx_HAL_Driver/Src/stm32l4xx_hal_rtc_ex.o
 .debug_aranges
                0x00000000000016c0      0x178 ./Drivers/STM32L4xx_HAL_Driver/Src/stm32l4xx_hal_sai.o
 .debug_aranges
                0x0000000000001838      0x160 ./Drivers/STM32L4xx_HAL_Driver/Src/stm32l4xx_hal_sd.o
 .debug_aranges
                0x0000000000001998       0x68 ./Drivers/STM32L4xx_HAL_Driver/Src/stm32l4xx_hal_sd_ex.o
 .debug_aranges
                0x0000000000001a00      0x138 ./Drivers/STM32L4xx_HAL_Driver/Src/stm32l4xx_hal_smbus.o
 .debug_aranges
                0x0000000000001b38      0x1d8 ./Drivers/STM32L4xx_HAL_Driver/Src/stm32l4xx_hal_spi.o
 .debug_aranges
                0x0000000000001d10      0x3e0 ./Drivers/STM32L4xx_HAL_Driver/Src/stm32l4xx_hal_tim.o
 .debug_aranges
                0x00000000000020f0      0x180 ./Drivers/STM32L4xx_HAL_Driver/Src/stm32l4xx_hal_tim_ex.o
 .debug_aranges
                0x0000000000002270      0x248 ./Drivers/STM32L4xx_HAL_Driver/Src/stm32l4xx_hal_uart.o
 .debug_aranges
                0x00000000000024b8       0xa0 ./Drivers/STM32L4xx_HAL_Driver/Src/stm32l4xx_hal_uart_ex.o
 .debug_aranges
                0x0000000000002558      0x1a0 ./Drivers/STM32L4xx_HAL_Driver/Src/stm32l4xx_ll_sdmmc.o
 .debug_aranges
                0x00000000000026f8      0x1a0 ./Drivers/STM32L4xx_HAL_Driver/Src/stm32l4xx_ll_usb.o

.debug_ranges   0x0000000000000000     0x26c8
 .debug_ranges  0x0000000000000000       0xc8 ./Core/Src/main.o
 .debug_ranges  0x00000000000000c8      0x108 ./Core/Src/stm32l4xx_hal_msp.o
 .debug_ranges  0x00000000000001d0       0x70 ./Core/Src/stm32l4xx_it.o
 .debug_ranges  0x0000000000000240       0x18 ./Core/Src/system_stm32l4xx.o
 .debug_ranges  0x0000000000000258       0x20 ./Core/Startup/startup_stm32l4r9zijx.o
 .debug_ranges  0x0000000000000278      0x120 ./Drivers/STM32L4xx_HAL_Driver/Src/stm32l4xx_hal.o
 .debug_ranges  0x0000000000000398      0x208 ./Drivers/STM32L4xx_HAL_Driver/Src/stm32l4xx_hal_adc.o
 .debug_ranges  0x00000000000005a0      0x108 ./Drivers/STM32L4xx_HAL_Driver/Src/stm32l4xx_hal_cortex.o
 .debug_ranges  0x00000000000006a8       0xb0 ./Drivers/STM32L4xx_HAL_Driver/Src/stm32l4xx_hal_dac.o
 .debug_ranges  0x0000000000000758      0x238 ./Drivers/STM32L4xx_HAL_Driver/Src/stm32l4xx_hal_dfsdm.o
 .debug_ranges  0x0000000000000990       0x80 ./Drivers/STM32L4xx_HAL_Driver/Src/stm32l4xx_hal_dma.o
 .debug_ranges  0x0000000000000a10       0x48 ./Drivers/STM32L4xx_HAL_Driver/Src/stm32l4xx_hal_gpio.o
 .debug_ranges  0x0000000000000a58      0x290 ./Drivers/STM32L4xx_HAL_Driver/Src/stm32l4xx_hal_i2c.o
 .debug_ranges  0x0000000000000ce8       0x38 ./Drivers/STM32L4xx_HAL_Driver/Src/stm32l4xx_hal_i2c_ex.o
 .debug_ranges  0x0000000000000d20      0x148 ./Drivers/STM32L4xx_HAL_Driver/Src/stm32l4xx_hal_ltdc.o
 .debug_ranges  0x0000000000000e68      0x128 ./Drivers/STM32L4xx_HAL_Driver/Src/stm32l4xx_hal_pcd.o
 .debug_ranges  0x0000000000000f90       0x50 ./Drivers/STM32L4xx_HAL_Driver/Src/stm32l4xx_hal_pcd_ex.o
 .debug_ranges  0x0000000000000fe0       0x88 ./Drivers/STM32L4xx_HAL_Driver/Src/stm32l4xx_hal_pwr.o
 .debug_ranges  0x0000000000001068      0x160 ./Drivers/STM32L4xx_HAL_Driver/Src/stm32l4xx_hal_pwr_ex.o
 .debug_ranges  0x00000000000011c8       0x88 ./Drivers/STM32L4xx_HAL_Driver/Src/stm32l4xx_hal_rcc.o
 .debug_ranges  0x0000000000001250      0x100 ./Drivers/STM32L4xx_HAL_Driver/Src/stm32l4xx_hal_rcc_ex.o
 .debug_ranges  0x0000000000001350       0xd8 ./Drivers/STM32L4xx_HAL_Driver/Src/stm32l4xx_hal_rtc.o
 .debug_ranges  0x0000000000001428      0x130 ./Drivers/STM32L4xx_HAL_Driver/Src/stm32l4xx_hal_rtc_ex.o
 .debug_ranges  0x0000000000001558      0x180 ./Drivers/STM32L4xx_HAL_Driver/Src/stm32l4xx_hal_sai.o
 .debug_ranges  0x00000000000016d8      0x150 ./Drivers/STM32L4xx_HAL_Driver/Src/stm32l4xx_hal_sd.o
 .debug_ranges  0x0000000000001828       0x58 ./Drivers/STM32L4xx_HAL_Driver/Src/stm32l4xx_hal_sd_ex.o
 .debug_ranges  0x0000000000001880      0x128 ./Drivers/STM32L4xx_HAL_Driver/Src/stm32l4xx_hal_smbus.o
 .debug_ranges  0x00000000000019a8      0x1c8 ./Drivers/STM32L4xx_HAL_Driver/Src/stm32l4xx_hal_spi.o
 .debug_ranges  0x0000000000001b70      0x3d0 ./Drivers/STM32L4xx_HAL_Driver/Src/stm32l4xx_hal_tim.o
 .debug_ranges  0x0000000000001f40      0x170 ./Drivers/STM32L4xx_HAL_Driver/Src/stm32l4xx_hal_tim_ex.o
 .debug_ranges  0x00000000000020b0      0x268 ./Drivers/STM32L4xx_HAL_Driver/Src/stm32l4xx_hal_uart.o
 .debug_ranges  0x0000000000002318       0x90 ./Drivers/STM32L4xx_HAL_Driver/Src/stm32l4xx_hal_uart_ex.o
 .debug_ranges  0x00000000000023a8      0x190 ./Drivers/STM32L4xx_HAL_Driver/Src/stm32l4xx_ll_sdmmc.o
 .debug_ranges  0x0000000000002538      0x190 ./Drivers/STM32L4xx_HAL_Driver/Src/stm32l4xx_ll_usb.o

.debug_macro    0x0000000000000000    0x3938c
 .debug_macro   0x0000000000000000      0x30c ./Core/Src/main.o
 .debug_macro   0x000000000000030c      0xaa8 ./Core/Src/main.o
 .debug_macro   0x0000000000000db4      0x1e9 ./Core/Src/main.o
 .debug_macro   0x0000000000000f9d       0x2e ./Core/Src/main.o
 .debug_macro   0x0000000000000fcb       0x28 ./Core/Src/main.o
 .debug_macro   0x0000000000000ff3       0x22 ./Core/Src/main.o
 .debug_macro   0x0000000000001015       0x8e ./Core/Src/main.o
 .debug_macro   0x00000000000010a3       0x51 ./Core/Src/main.o
 .debug_macro   0x00000000000010f4      0x103 ./Core/Src/main.o
 .debug_macro   0x00000000000011f7       0x6a ./Core/Src/main.o
 .debug_macro   0x0000000000001261      0x1df ./Core/Src/main.o
 .debug_macro   0x0000000000001440       0x1c ./Core/Src/main.o
 .debug_macro   0x000000000000145c       0x22 ./Core/Src/main.o
 .debug_macro   0x000000000000147e      0x101 ./Core/Src/main.o
 .debug_macro   0x000000000000157f     0x1011 ./Core/Src/main.o
 .debug_macro   0x0000000000002590      0x11f ./Core/Src/main.o
 .debug_macro   0x00000000000026af    0x22e83 ./Core/Src/main.o
 .debug_macro   0x0000000000025532       0x6d ./Core/Src/main.o
 .debug_macro   0x000000000002559f     0x38ed ./Core/Src/main.o
 .debug_macro   0x0000000000028e8c      0x174 ./Core/Src/main.o
 .debug_macro   0x0000000000029000       0x5c ./Core/Src/main.o
 .debug_macro   0x000000000002905c     0x1956 ./Core/Src/main.o
 .debug_macro   0x000000000002a9b2      0x83e ./Core/Src/main.o
 .debug_macro   0x000000000002b1f0      0x1b9 ./Core/Src/main.o
 .debug_macro   0x000000000002b3a9      0x225 ./Core/Src/main.o
 .debug_macro   0x000000000002b5ce      0x486 ./Core/Src/main.o
 .debug_macro   0x000000000002ba54      0x1ce ./Core/Src/main.o
 .debug_macro   0x000000000002bc22       0x43 ./Core/Src/main.o
 .debug_macro   0x000000000002bc65      0x1fb ./Core/Src/main.o
 .debug_macro   0x000000000002be60       0x10 ./Core/Src/main.o
 .debug_macro   0x000000000002be70       0xb3 ./Core/Src/main.o
 .debug_macro   0x000000000002bf23      0x23d ./Core/Src/main.o
 .debug_macro   0x000000000002c160      0xdfb ./Core/Src/main.o
 .debug_macro   0x000000000002cf5b      0x624 ./Core/Src/main.o
 .debug_macro   0x000000000002d57f      0x24f ./Core/Src/main.o
 .debug_macro   0x000000000002d7ce      0x184 ./Core/Src/main.o
 .debug_macro   0x000000000002d952       0xdf ./Core/Src/main.o
 .debug_macro   0x000000000002da31      0x241 ./Core/Src/main.o
 .debug_macro   0x000000000002dc72      0x416 ./Core/Src/main.o
 .debug_macro   0x000000000002e088       0x1c ./Core/Src/main.o
 .debug_macro   0x000000000002e0a4       0xf2 ./Core/Src/main.o
 .debug_macro   0x000000000002e196      0x22c ./Core/Src/main.o
 .debug_macro   0x000000000002e3c2       0x61 ./Core/Src/main.o
 .debug_macro   0x000000000002e423       0xa5 ./Core/Src/main.o
 .debug_macro   0x000000000002e4c8      0x198 ./Core/Src/main.o
 .debug_macro   0x000000000002e660      0x6fc ./Core/Src/main.o
 .debug_macro   0x000000000002ed5c       0xd6 ./Core/Src/main.o
 .debug_macro   0x000000000002ee32      0x1f4 ./Core/Src/main.o
 .debug_macro   0x000000000002f026       0x97 ./Core/Src/main.o
 .debug_macro   0x000000000002f0bd      0x122 ./Core/Src/main.o
 .debug_macro   0x000000000002f1df      0x3f6 ./Core/Src/main.o
 .debug_macro   0x000000000002f5d5      0x31a ./Core/Src/main.o
 .debug_macro   0x000000000002f8ef      0x4fb ./Core/Src/main.o
 .debug_macro   0x000000000002fdea       0xe4 ./Core/Src/main.o
 .debug_macro   0x000000000002fece      0x39f ./Core/Src/main.o
 .debug_macro   0x000000000003026d       0x10 ./Core/Src/main.o
 .debug_macro   0x000000000003027d       0xdd ./Core/Src/main.o
 .debug_macro   0x000000000003035a      0x822 ./Core/Src/main.o
 .debug_macro   0x0000000000030b7c      0x1ce ./Core/Src/main.o
 .debug_macro   0x0000000000030d4a      0x35a ./Core/Src/main.o
 .debug_macro   0x00000000000310a4       0x46 ./Core/Src/main.o
 .debug_macro   0x00000000000310ea      0x2fe ./Core/Src/main.o
 .debug_macro   0x00000000000313e8      0xa91 ./Core/Src/main.o
 .debug_macro   0x0000000000031e79      0x196 ./Core/Src/main.o
 .debug_macro   0x000000000003200f      0x67e ./Core/Src/main.o
 .debug_macro   0x000000000003268d       0xa6 ./Core/Src/main.o
 .debug_macro   0x0000000000032733      0x432 ./Core/Src/main.o
 .debug_macro   0x0000000000032b65      0x572 ./Core/Src/main.o
 .debug_macro   0x00000000000330d7      0x30c ./Core/Src/stm32l4xx_hal_msp.o
 .debug_macro   0x00000000000333e3      0x316 ./Core/Src/stm32l4xx_it.o
 .debug_macro   0x00000000000336f9      0x2fd ./Core/Src/system_stm32l4xx.o
 .debug_macro   0x00000000000339f6      0x34b ./Drivers/STM32L4xx_HAL_Driver/Src/stm32l4xx_hal.o
 .debug_macro   0x0000000000033d41      0x31a ./Drivers/STM32L4xx_HAL_Driver/Src/stm32l4xx_hal_adc.o
 .debug_macro   0x000000000003405b      0x2fd ./Drivers/STM32L4xx_HAL_Driver/Src/stm32l4xx_hal_cortex.o
 .debug_macro   0x0000000000034358      0x30c ./Drivers/STM32L4xx_HAL_Driver/Src/stm32l4xx_hal_dac.o
 .debug_macro   0x0000000000034664      0x321 ./Drivers/STM32L4xx_HAL_Driver/Src/stm32l4xx_hal_dfsdm.o
 .debug_macro   0x0000000000034985      0x2fd ./Drivers/STM32L4xx_HAL_Driver/Src/stm32l4xx_hal_dma.o
 .debug_macro   0x0000000000034c82      0x304 ./Drivers/STM32L4xx_HAL_Driver/Src/stm32l4xx_hal_gpio.o
 .debug_macro   0x0000000000034f86      0x3c9 ./Drivers/STM32L4xx_HAL_Driver/Src/stm32l4xx_hal_i2c.o
 .debug_macro   0x000000000003534f      0x2fd ./Drivers/STM32L4xx_HAL_Driver/Src/stm32l4xx_hal_i2c_ex.o
 .debug_macro   0x000000000003564c      0x305 ./Drivers/STM32L4xx_HAL_Driver/Src/stm32l4xx_hal_ltdc.o
 .debug_macro   0x0000000000035951      0x309 ./Drivers/STM32L4xx_HAL_Driver/Src/stm32l4xx_hal_pcd.o
 .debug_macro   0x0000000000035c5a      0x2fd ./Drivers/STM32L4xx_HAL_Driver/Src/stm32l4xx_hal_pcd_ex.o
 .debug_macro   0x0000000000035f57      0x315 ./Drivers/STM32L4xx_HAL_Driver/Src/stm32l4xx_hal_pwr.o
 .debug_macro   0x000000000003626c      0x327 ./Drivers/STM32L4xx_HAL_Driver/Src/stm32l4xx_hal_pwr_ex.o
 .debug_macro   0x0000000000036593      0x33f ./Drivers/STM32L4xx_HAL_Driver/Src/stm32l4xx_hal_rcc.o